Component: ARM Compiler 6.15 Tool: armlink [5dd79300]

==============================================================================

Section Cross References

    main.o(.text.main) refers to stm32f3xx_hal.o(.text.HAL_Init) for HAL_Init
    main.o(.text.main) refers to main.o(.text.SystemClock_Config) for SystemClock_Config
    main.o(.text.main) refers to main.o(.text.MX_GPIO_Init) for MX_GPIO_Init
    main.o(.text.main) refers to stm32f3xx_hal_gpio.o(.text.HAL_GPIO_ReadPin) for HAL_GPIO_ReadPin
    main.o(.text.main) refers to stm32f3xx_hal_gpio.o(.text.HAL_GPIO_WritePin) for HAL_GPIO_WritePin
    main.o(.ARM.exidx.text.main) refers to main.o(.text.main) for [Anonymous Symbol]
    main.o(.text.SystemClock_Config) refers to rt_memclr_w.o(.text) for __aeabi_memclr4
    main.o(.text.SystemClock_Config) refers to stm32f3xx_hal_rcc.o(.text.HAL_RCC_OscConfig) for HAL_RCC_OscConfig
    main.o(.text.SystemClock_Config) refers to stm32f3xx_hal_rcc.o(.text.HAL_RCC_ClockConfig) for HAL_RCC_ClockConfig
    main.o(.ARM.exidx.text.SystemClock_Config) refers to main.o(.text.SystemClock_Config) for [Anonymous Symbol]
    main.o(.text.MX_GPIO_Init) refers to stm32f3xx_hal_gpio.o(.text.HAL_GPIO_WritePin) for HAL_GPIO_WritePin
    main.o(.text.MX_GPIO_Init) refers to stm32f3xx_hal_gpio.o(.text.HAL_GPIO_Init) for HAL_GPIO_Init
    main.o(.ARM.exidx.text.MX_GPIO_Init) refers to main.o(.text.MX_GPIO_Init) for [Anonymous Symbol]
    main.o(.ARM.exidx.text.Error_Handler) refers to main.o(.text.Error_Handler) for [Anonymous Symbol]
    stm32f3xx_it.o(.ARM.exidx.text.NMI_Handler) refers to stm32f3xx_it.o(.text.NMI_Handler) for [Anonymous Symbol]
    stm32f3xx_it.o(.ARM.exidx.text.HardFault_Handler) refers to stm32f3xx_it.o(.text.HardFault_Handler) for [Anonymous Symbol]
    stm32f3xx_it.o(.ARM.exidx.text.MemManage_Handler) refers to stm32f3xx_it.o(.text.MemManage_Handler) for [Anonymous Symbol]
    stm32f3xx_it.o(.ARM.exidx.text.BusFault_Handler) refers to stm32f3xx_it.o(.text.BusFault_Handler) for [Anonymous Symbol]
    stm32f3xx_it.o(.ARM.exidx.text.UsageFault_Handler) refers to stm32f3xx_it.o(.text.UsageFault_Handler) for [Anonymous Symbol]
    stm32f3xx_it.o(.ARM.exidx.text.SVC_Handler) refers to stm32f3xx_it.o(.text.SVC_Handler) for [Anonymous Symbol]
    stm32f3xx_it.o(.ARM.exidx.text.DebugMon_Handler) refers to stm32f3xx_it.o(.text.DebugMon_Handler) for [Anonymous Symbol]
    stm32f3xx_it.o(.ARM.exidx.text.PendSV_Handler) refers to stm32f3xx_it.o(.text.PendSV_Handler) for [Anonymous Symbol]
    stm32f3xx_it.o(.text.SysTick_Handler) refers to stm32f3xx_hal.o(.text.HAL_IncTick) for HAL_IncTick
    stm32f3xx_it.o(.ARM.exidx.text.SysTick_Handler) refers to stm32f3xx_it.o(.text.SysTick_Handler) for [Anonymous Symbol]
    buttons_stm32f3-cubemx.o(.ARM.exidx.text.Buttons_Initialize) refers to buttons_stm32f3-cubemx.o(.text.Buttons_Initialize) for [Anonymous Symbol]
    buttons_stm32f3-cubemx.o(.ARM.exidx.text.Buttons_Uninitialize) refers to buttons_stm32f3-cubemx.o(.text.Buttons_Uninitialize) for [Anonymous Symbol]
    buttons_stm32f3-cubemx.o(.ARM.exidx.text.Buttons_GetState) refers to buttons_stm32f3-cubemx.o(.text.Buttons_GetState) for [Anonymous Symbol]
    buttons_stm32f3-cubemx.o(.ARM.exidx.text.Buttons_GetCount) refers to buttons_stm32f3-cubemx.o(.text.Buttons_GetCount) for [Anonymous Symbol]
    led_stm32f3-cubemx.o(.ARM.exidx.text.LED_Initialize) refers to led_stm32f3-cubemx.o(.text.LED_Initialize) for [Anonymous Symbol]
    led_stm32f3-cubemx.o(.ARM.exidx.text.LED_Uninitialize) refers to led_stm32f3-cubemx.o(.text.LED_Uninitialize) for [Anonymous Symbol]
    led_stm32f3-cubemx.o(.ARM.exidx.text.LED_On) refers to led_stm32f3-cubemx.o(.text.LED_On) for [Anonymous Symbol]
    led_stm32f3-cubemx.o(.ARM.exidx.text.LED_Off) refers to led_stm32f3-cubemx.o(.text.LED_Off) for [Anonymous Symbol]
    led_stm32f3-cubemx.o(.ARM.exidx.text.LED_SetOut) refers to led_stm32f3-cubemx.o(.text.LED_SetOut) for [Anonymous Symbol]
    led_stm32f3-cubemx.o(.ARM.exidx.text.LED_GetCount) refers to led_stm32f3-cubemx.o(.text.LED_GetCount) for [Anonymous Symbol]
    startup_stm32f302x8.o(STACK) refers (Special) to heapauxi.o(.text) for __use_two_region_memory
    startup_stm32f302x8.o(HEAP) refers (Special) to heapauxi.o(.text) for __use_two_region_memory
    startup_stm32f302x8.o(RESET) refers (Special) to heapauxi.o(.text) for __use_two_region_memory
    startup_stm32f302x8.o(RESET) refers to startup_stm32f302x8.o(STACK) for __initial_sp
    startup_stm32f302x8.o(RESET) refers to startup_stm32f302x8.o(.text) for Reset_Handler
    startup_stm32f302x8.o(RESET) refers to stm32f3xx_it.o(.text.NMI_Handler) for NMI_Handler
    startup_stm32f302x8.o(RESET) refers to stm32f3xx_it.o(.text.HardFault_Handler) for HardFault_Handler
    startup_stm32f302x8.o(RESET) refers to stm32f3xx_it.o(.text.MemManage_Handler) for MemManage_Handler
    startup_stm32f302x8.o(RESET) refers to stm32f3xx_it.o(.text.BusFault_Handler) for BusFault_Handler
[...]
    Removing stm32f3xx_hal_dma.o(.ARM.exidx.text.HAL_DMA_RegisterCallback), (8 bytes).
    Removing stm32f3xx_hal_dma.o(.text.HAL_DMA_UnRegisterCallback), (86 bytes).
    Removing stm32f3xx_hal_dma.o(.ARM.exidx.text.HAL_DMA_UnRegisterCallback), (8 bytes).
    Removing stm32f3xx_hal_dma.o(.text.HAL_DMA_GetState), (6 bytes).
    Removing stm32f3xx_hal_dma.o(.ARM.exidx.text.HAL_DMA_GetState), (8 bytes).
    Removing stm32f3xx_hal_dma.o(.text.HAL_DMA_GetError), (4 bytes).
    Removing stm32f3xx_hal_dma.o(.ARM.exidx.text.HAL_DMA_GetError), (8 bytes).
    Removing stm32f3xx_hal_flash.o(.text), (0 bytes).
    Removing stm32f3xx_hal_flash.o(.text.HAL_FLASH_Program), (182 bytes).
    Removing stm32f3xx_hal_flash.o(.ARM.exidx.text.HAL_FLASH_Program), (8 bytes).
    Removing stm32f3xx_hal_flash.o(.text.FLASH_WaitForLastOperation), (102 bytes).
    Removing stm32f3xx_hal_flash.o(.ARM.exidx.text.FLASH_WaitForLastOperation), (8 bytes).
    Removing stm32f3xx_hal_flash.o(.text.FLASH_Program_HalfWord), (32 bytes).
    Removing stm32f3xx_hal_flash.o(.ARM.exidx.text.FLASH_Program_HalfWord), (8 bytes).
    Removing stm32f3xx_hal_flash.o(.text.HAL_FLASH_Program_IT), (100 bytes).
    Removing stm32f3xx_hal_flash.o(.ARM.exidx.text.HAL_FLASH_Program_IT), (8 bytes).
    Removing stm32f3xx_hal_flash.o(.text.HAL_FLASH_IRQHandler), (288 bytes).
    Removing stm32f3xx_hal_flash.o(.ARM.exidx.text.HAL_FLASH_IRQHandler), (8 bytes).
    Removing stm32f3xx_hal_flash.o(.text.FLASH_SetErrorCode), (58 bytes).
    Removing stm32f3xx_hal_flash.o(.ARM.exidx.text.FLASH_SetErrorCode), (8 bytes).
    Removing stm32f3xx_hal_flash.o(.text.HAL_FLASH_OperationErrorCallback), (2 bytes).
    Removing stm32f3xx_hal_flash.o(.ARM.exidx.text.HAL_FLASH_OperationErrorCallback), (8 bytes).
    Removing stm32f3xx_hal_flash.o(.text.HAL_FLASH_EndOfOperationCallback), (2 bytes).
    Removing stm32f3xx_hal_flash.o(.ARM.exidx.text.HAL_FLASH_EndOfOperationCallback), (8 bytes).
    Removing stm32f3xx_hal_flash.o(.text.HAL_FLASH_Unlock), (42 bytes).
    Removing stm32f3xx_hal_flash.o(.ARM.exidx.text.HAL_FLASH_Unlock), (8 bytes).
    Removing stm32f3xx_hal_flash.o(.text.HAL_FLASH_Lock), (20 bytes).
    Removing stm32f3xx_hal_flash.o(.ARM.exidx.text.HAL_FLASH_Lock), (8 bytes).
    Removing stm32f3xx_hal_flash.o(.text.HAL_FLASH_OB_Unlock), (42 bytes).
    Removing stm32f3xx_hal_flash.o(.ARM.exidx.text.HAL_FLASH_OB_Unlock), (8 bytes).
    Removing stm32f3xx_hal_flash.o(.text.HAL_FLASH_OB_Lock), (20 bytes).
    Removing stm32f3xx_hal_flash.o(.ARM.exidx.text.HAL_FLASH_OB_Lock), (8 bytes).
    Removing stm32f3xx_hal_flash.o(.text.HAL_FLASH_OB_Launch), (28 bytes).
    Removing stm32f3xx_hal_flash.o(.ARM.exidx.text.HAL_FLASH_OB_Launch), (8 bytes).
    Removing stm32f3xx_hal_flash.o(.text.HAL_FLASH_GetError), (12 bytes).
    Removing stm32f3xx_hal_flash.o(.ARM.exidx.text.HAL_FLASH_GetError), (8 bytes).
    Removing stm32f3xx_hal_flash.o(.bss.pFlash), (32 bytes).
    Removing stm32f3xx_hal_flash_ex.o(.text), (0 bytes).
    Removing stm32f3xx_hal_flash_ex.o(.text.HAL_FLASHEx_Erase), (178 bytes).
    Removing stm32f3xx_hal_flash_ex.o(.ARM.exidx.text.HAL_FLASHEx_Erase), (8 bytes).
    Removing stm32f3xx_hal_flash_ex.o(.text.FLASH_MassErase), (38 bytes).
    Removing stm32f3xx_hal_flash_ex.o(.ARM.exidx.text.FLASH_MassErase), (8 bytes).
    Removing stm32f3xx_hal_flash_ex.o(.text.FLASH_PageErase), (40 bytes).
    Removing stm32f3xx_hal_flash_ex.o(.ARM.exidx.text.FLASH_PageErase), (8 bytes).
    Removing stm32f3xx_hal_flash_ex.o(.text.HAL_FLASHEx_Erase_IT), (88 bytes).
    Removing stm32f3xx_hal_flash_ex.o(.ARM.exidx.text.HAL_FLASHEx_Erase_IT), (8 bytes).
    Removing stm32f3xx_hal_flash_ex.o(.text.HAL_FLASHEx_OBErase), (86 bytes).
    Removing stm32f3xx_hal_flash_ex.o(.ARM.exidx.text.HAL_FLASHEx_OBErase), (8 bytes).
    Removing stm32f3xx_hal_flash_ex.o(.text.FLASH_OB_GetRDP), (30 bytes).
    Removing stm32f3xx_hal_flash_ex.o(.ARM.exidx.text.FLASH_OB_GetRDP), (8 bytes).
    Removing stm32f3xx_hal_flash_ex.o(.text.FLASH_OB_RDP_LevelConfig), (110 bytes).
    Removing stm32f3xx_hal_flash_ex.o(.ARM.exidx.text.FLASH_OB_RDP_LevelConfig), (8 bytes).
    Removing stm32f3xx_hal_flash_ex.o(.text.HAL_FLASHEx_OBProgram), (102 bytes).
    Removing stm32f3xx_hal_flash_ex.o(.ARM.exidx.text.HAL_FLASHEx_OBProgram), (8 bytes).
    Removing stm32f3xx_hal_flash_ex.o(.text.FLASH_OB_EnableWRP), (126 bytes).
    Removing stm32f3xx_hal_flash_ex.o(.ARM.exidx.text.FLASH_OB_EnableWRP), (8 bytes).
    Removing stm32f3xx_hal_flash_ex.o(.text.FLASH_OB_DisableWRP), (126 bytes).
    Removing stm32f3xx_hal_flash_ex.o(.ARM.exidx.text.FLASH_OB_DisableWRP), (8 bytes).
    Removing stm32f3xx_hal_flash_ex.o(.text.FLASH_OB_UserConfig), (78 bytes).
    Removing stm32f3xx_hal_flash_ex.o(.ARM.exidx.text.FLASH_OB_UserConfig), (8 bytes).
    Removing stm32f3xx_hal_flash_ex.o(.text.FLASH_OB_ProgramData), (68 bytes).
    Removing stm32f3xx_hal_flash_ex.o(.ARM.exidx.text.FLASH_OB_ProgramData), (8 bytes).
    Removing stm32f3xx_hal_flash_ex.o(.text.HAL_FLASHEx_OBGetConfig), (28 bytes).
    Removing stm32f3xx_hal_flash_ex.o(.ARM.exidx.text.HAL_FLASHEx_OBGetConfig), (8 bytes).
    Removing stm32f3xx_hal_flash_ex.o(.text.FLASH_OB_GetWRP), (12 bytes).
    Removing stm32f3xx_hal_flash_ex.o(.ARM.exidx.text.FLASH_OB_GetWRP), (8 bytes).
    Removing stm32f3xx_hal_flash_ex.o(.text.FLASH_OB_GetUser), (18 bytes).
    Removing stm32f3xx_hal_flash_ex.o(.ARM.exidx.text.FLASH_OB_GetUser), (8 bytes).
    Removing stm32f3xx_hal_flash_ex.o(.text.HAL_FLASHEx_OBGetUserData), (32 bytes).
    Removing stm32f3xx_hal_flash_ex.o(.ARM.exidx.text.HAL_FLASHEx_OBGetUserData), (8 bytes).
    Removing stm32f3xx_hal_gpio.o(.text), (0 bytes).
    Removing stm32f3xx_hal_gpio.o(.ARM.exidx.text.HAL_GPIO_Init), (8 bytes).
    Removing stm32f3xx_hal_gpio.o(.text.HAL_GPIO_DeInit), (292 bytes).
    Removing stm32f3xx_hal_gpio.o(.ARM.exidx.text.HAL_GPIO_DeInit), (8 bytes).
    Removing stm32f3xx_hal_gpio.o(.ARM.exidx.text.HAL_GPIO_ReadPin), (8 bytes).
    Removing stm32f3xx_hal_gpio.o(.ARM.exidx.text.HAL_GPIO_WritePin), (8 bytes).
    Removing stm32f3xx_hal_gpio.o(.text.HAL_GPIO_TogglePin), (8 bytes).
    Removing stm32f3xx_hal_gpio.o(.ARM.exidx.text.HAL_GPIO_TogglePin), (8 bytes).
    Removing stm32f3xx_hal_gpio.o(.text.HAL_GPIO_LockPin), (40 bytes).
    Removing stm32f3xx_hal_gpio.o(.ARM.exidx.text.HAL_GPIO_LockPin), (8 bytes).
    Removing stm32f3xx_hal_gpio.o(.text.HAL_GPIO_EXTI_IRQHandler), (26 bytes).
    Removing stm32f3xx_hal_gpio.o(.ARM.exidx.text.HAL_GPIO_EXTI_IRQHandler), (8 bytes).
    Removing stm32f3xx_hal_gpio.o(.text.HAL_GPIO_EXTI_Callback), (2 bytes).
    Removing stm32f3xx_hal_gpio.o(.ARM.exidx.text.HAL_GPIO_EXTI_Callback), (8 bytes).
    Removing stm32f3xx_hal_hrtim.o(.text), (0 bytes).
    Removing stm32f3xx_hal_i2c.o(.text), (0 bytes).
    Removing stm32f3xx_hal_i2c.o(.text.HAL_I2C_Init), (162 bytes).
    Removing stm32f3xx_hal_i2c.o(.ARM.exidx.text.HAL_I2C_Init), (8 bytes).
    Removing stm32f3xx_hal_i2c.o(.text.HAL_I2C_MspInit), (2 bytes).
    Removing stm32f3xx_hal_i2c.o(.ARM.exidx.text.HAL_I2C_MspInit), (8 bytes).
    Removing stm32f3xx_hal_i2c.o(.text.HAL_I2C_DeInit), (54 bytes).
    Removing stm32f3xx_hal_i2c.o(.ARM.exidx.text.HAL_I2C_DeInit), (8 bytes).
    Removing stm32f3xx_hal_i2c.o(.text.HAL_I2C_MspDeInit), (2 bytes).
    Removing stm32f3xx_hal_i2c.o(.ARM.exidx.text.HAL_I2C_MspDeInit), (8 bytes).
    Removing stm32f3xx_hal_i2c.o(.text.HAL_I2C_Master_Transmit), (344 bytes).
    Removing stm32f3xx_hal_i2c.o(.ARM.exidx.text.HAL_I2C_Master_Transmit), (8 bytes).
    Removing stm32f3xx_hal_i2c.o(.text.I2C_WaitOnFlagUntilTimeout), (110 bytes).
    Removing stm32f3xx_hal_i2c.o(.ARM.exidx.text.I2C_WaitOnFlagUntilTimeout), (8 bytes).
    Removing stm32f3xx_hal_i2c.o(.text.I2C_TransferConfig), (44 bytes).
    Removing stm32f3xx_hal_i2c.o(.ARM.exidx.text.I2C_TransferConfig), (8 bytes).
    Removing stm32f3xx_hal_i2c.o(.text.I2C_WaitOnTXISFlagUntilTimeout), (102 bytes).
    Removing stm32f3xx_hal_i2c.o(.ARM.exidx.text.I2C_WaitOnTXISFlagUntilTimeout), (8 bytes).
    Removing stm32f3xx_hal_i2c.o(.text.I2C_WaitOnSTOPFlagUntilTimeout), (76 bytes).
    Removing stm32f3xx_hal_i2c.o(.ARM.exidx.text.I2C_WaitOnSTOPFlagUntilTimeout), (8 bytes).
    Removing stm32f3xx_hal_i2c.o(.text.HAL_I2C_Master_Receive), (346 bytes).
    Removing stm32f3xx_hal_i2c.o(.ARM.exidx.text.HAL_I2C_Master_Receive), (8 bytes).
    Removing stm32f3xx_hal_i2c.o(.text.I2C_WaitOnRXNEFlagUntilTimeout), (118 bytes).
    Removing stm32f3xx_hal_i2c.o(.ARM.exidx.text.I2C_WaitOnRXNEFlagUntilTimeout), (8 bytes).
    Removing stm32f3xx_hal_i2c.o(.text.HAL_I2C_Slave_Transmit), (336 bytes).
    Removing stm32f3xx_hal_i2c.o(.ARM.exidx.text.HAL_I2C_Slave_Transmit), (8 bytes).
    Removing stm32f3xx_hal_i2c.o(.text.HAL_I2C_Slave_Receive), (328 bytes).
    Removing stm32f3xx_hal_i2c.o(.ARM.exidx.text.HAL_I2C_Slave_Receive), (8 bytes).
    Removing stm32f3xx_hal_i2c.o(.text.HAL_I2C_Master_Transmit_IT), (142 bytes).
    Removing stm32f3xx_hal_i2c.o(.ARM.exidx.text.HAL_I2C_Master_Transmit_IT), (8 bytes).
    Removing stm32f3xx_hal_i2c.o(.text.I2C_Master_ISR_IT), (286 bytes).
    Removing stm32f3xx_hal_i2c.o(.ARM.exidx.text.I2C_Master_ISR_IT), (8 bytes).
    Removing stm32f3xx_hal_i2c.o(.text.I2C_Enable_IRQ), (96 bytes).
    Removing stm32f3xx_hal_i2c.o(.ARM.exidx.text.I2C_Enable_IRQ), (8 bytes).
    Removing stm32f3xx_hal_i2c.o(.text.HAL_I2C_Master_Receive_IT), (142 bytes).
    Removing stm32f3xx_hal_i2c.o(.ARM.exidx.text.HAL_I2C_Master_Receive_IT), (8 bytes).
    Removing stm32f3xx_hal_i2c.o(.text.HAL_I2C_Slave_Transmit_IT), (94 bytes).
    Removing stm32f3xx_hal_i2c.o(.ARM.exidx.text.HAL_I2C_Slave_Transmit_IT), (8 bytes).
    Removing stm32f3xx_hal_i2c.o(.text.I2C_Slave_ISR_IT), (256 bytes).
    Removing stm32f3xx_hal_i2c.o(.ARM.exidx.text.I2C_Slave_ISR_IT), (8 bytes).
    Removing stm32f3xx_hal_i2c.o(.text.HAL_I2C_Slave_Receive_IT), (94 bytes).
    Removing stm32f3xx_hal_i2c.o(.ARM.exidx.text.HAL_I2C_Slave_Receive_IT), (8 bytes).
    Removing stm32f3xx_hal_i2c.o(.text.HAL_I2C_Master_Transmit_DMA), (258 bytes).
    Removing stm32f3xx_hal_i2c.o(.ARM.exidx.text.HAL_I2C_Master_Transmit_DMA), (8 bytes).
    Removing stm32f3xx_hal_i2c.o(.text.I2C_Master_ISR_DMA), (196 bytes).
    Removing stm32f3xx_hal_i2c.o(.ARM.exidx.text.I2C_Master_ISR_DMA), (8 bytes).
    Removing stm32f3xx_hal_i2c.o(.text.I2C_DMAMasterTransmitCplt), (58 bytes).
    Removing stm32f3xx_hal_i2c.o(.ARM.exidx.text.I2C_DMAMasterTransmitCplt), (8 bytes).
    Removing stm32f3xx_hal_i2c.o(.text.I2C_DMAError), (22 bytes).
    Removing stm32f3xx_hal_i2c.o(.ARM.exidx.text.I2C_DMAError), (8 bytes).
    Removing stm32f3xx_hal_i2c.o(.text.HAL_I2C_Master_Receive_DMA), (250 bytes).
    Removing stm32f3xx_hal_i2c.o(.ARM.exidx.text.HAL_I2C_Master_Receive_DMA), (8 bytes).
    Removing stm32f3xx_hal_i2c.o(.text.I2C_DMAMasterReceiveCplt), (58 bytes).
    Removing stm32f3xx_hal_i2c.o(.ARM.exidx.text.I2C_DMAMasterReceiveCplt), (8 bytes).
    Removing stm32f3xx_hal_i2c.o(.text.HAL_I2C_Slave_Transmit_DMA), (158 bytes).
    Removing stm32f3xx_hal_i2c.o(.ARM.exidx.text.HAL_I2C_Slave_Transmit_DMA), (8 bytes).
    Removing stm32f3xx_hal_i2c.o(.text.I2C_Slave_ISR_DMA), (96 bytes).
    Removing stm32f3xx_hal_i2c.o(.ARM.exidx.text.I2C_Slave_ISR_DMA), (8 bytes).
    Removing stm32f3xx_hal_i2c.o(.text.I2C_DMASlaveTransmitCplt), (2 bytes).
    Removing stm32f3xx_hal_i2c.o(.ARM.exidx.text.I2C_DMASlaveTransmitCplt), (8 bytes).
    Removing stm32f3xx_hal_i2c.o(.text.HAL_I2C_Slave_Receive_DMA), (166 bytes).
    Removing stm32f3xx_hal_i2c.o(.ARM.exidx.text.HAL_I2C_Slave_Receive_DMA), (8 bytes).
    Removing stm32f3xx_hal_i2c.o(.text.I2C_DMASlaveReceiveCplt), (2 bytes).
    Removing stm32f3xx_hal_i2c.o(.ARM.exidx.text.I2C_DMASlaveReceiveCplt), (8 bytes).
    Removing stm32f3xx_hal_i2c.o(.text.HAL_I2C_Mem_Write), (396 bytes).
    Removing stm32f3xx_hal_i2c.o(.ARM.exidx.text.HAL_I2C_Mem_Write), (8 bytes).
    Removing stm32f3xx_hal_i2c.o(.text.I2C_RequestMemoryWrite), (118 bytes).
    Removing stm32f3xx_hal_i2c.o(.ARM.exidx.text.I2C_RequestMemoryWrite), (8 bytes).
    Removing stm32f3xx_hal_i2c.o(.text.HAL_I2C_Mem_Read), (412 bytes).
    Removing stm32f3xx_hal_i2c.o(.ARM.exidx.text.HAL_I2C_Mem_Read), (8 bytes).
    Removing stm32f3xx_hal_i2c.o(.text.I2C_RequestMemoryRead), (116 bytes).
    Removing stm32f3xx_hal_i2c.o(.ARM.exidx.text.I2C_RequestMemoryRead), (8 bytes).
    Removing stm32f3xx_hal_i2c.o(.text.HAL_I2C_Mem_Write_IT), (224 bytes).
    Removing stm32f3xx_hal_i2c.o(.ARM.exidx.text.HAL_I2C_Mem_Write_IT), (8 bytes).
    Removing stm32f3xx_hal_i2c.o(.text.HAL_I2C_Mem_Read_IT), (228 bytes).
    Removing stm32f3xx_hal_i2c.o(.ARM.exidx.text.HAL_I2C_Mem_Read_IT), (8 bytes).
    Removing stm32f3xx_hal_i2c.o(.text.HAL_I2C_Mem_Write_DMA), (282 bytes).
    Removing stm32f3xx_hal_i2c.o(.ARM.exidx.text.HAL_I2C_Mem_Write_DMA), (8 bytes).
    Removing stm32f3xx_hal_i2c.o(.text.HAL_I2C_Mem_Read_DMA), (284 bytes).
    Removing stm32f3xx_hal_i2c.o(.ARM.exidx.text.HAL_I2C_Mem_Read_DMA), (8 bytes).
    Removing stm32f3xx_hal_i2c.o(.text.HAL_I2C_IsDeviceReady), (290 bytes).
    Removing stm32f3xx_hal_i2c.o(.ARM.exidx.text.HAL_I2C_IsDeviceReady), (8 bytes).
    Removing stm32f3xx_hal_i2c.o(.text.HAL_I2C_Master_Sequential_Transmit_IT), (136 bytes).
    Removing stm32f3xx_hal_i2c.o(.ARM.exidx.text.HAL_I2C_Master_Sequential_Transmit_IT), (8 bytes).
    Removing stm32f3xx_hal_i2c.o(.text.HAL_I2C_Master_Sequential_Receive_IT), (138 bytes).
    Removing stm32f3xx_hal_i2c.o(.ARM.exidx.text.HAL_I2C_Master_Sequential_Receive_IT), (8 bytes).
    Removing stm32f3xx_hal_i2c.o(.text.HAL_I2C_Slave_Sequential_Transmit_IT), (158 bytes).
    Removing stm32f3xx_hal_i2c.o(.ARM.exidx.text.HAL_I2C_Slave_Sequential_Transmit_IT), (8 bytes).
    Removing stm32f3xx_hal_i2c.o(.text.I2C_Disable_IRQ), (70 bytes).
    Removing stm32f3xx_hal_i2c.o(.ARM.exidx.text.I2C_Disable_IRQ), (8 bytes).
    Removing stm32f3xx_hal_i2c.o(.text.HAL_I2C_Slave_Sequential_Receive_IT), (158 bytes).
    Removing stm32f3xx_hal_i2c.o(.ARM.exidx.text.HAL_I2C_Slave_Sequential_Receive_IT), (8 bytes).
    Removing stm32f3xx_hal_i2c.o(.text.HAL_I2C_EnableListen_IT), (40 bytes).
    Removing stm32f3xx_hal_i2c.o(.ARM.exidx.text.HAL_I2C_EnableListen_IT), (8 bytes).
    Removing stm32f3xx_hal_i2c.o(.text.HAL_I2C_DisableListen_IT), (56 bytes).
    Removing stm32f3xx_hal_i2c.o(.ARM.exidx.text.HAL_I2C_DisableListen_IT), (8 bytes).
    Removing stm32f3xx_hal_i2c.o(.text.HAL_I2C_Master_Abort_IT), (102 bytes).
    Removing stm32f3xx_hal_i2c.o(.ARM.exidx.text.HAL_I2C_Master_Abort_IT), (8 bytes).
    Removing stm32f3xx_hal_i2c.o(.text.HAL_I2C_EV_IRQHandler), (18 bytes).
    Removing stm32f3xx_hal_i2c.o(.ARM.exidx.text.HAL_I2C_EV_IRQHandler), (8 bytes).
    Removing stm32f3xx_hal_i2c.o(.text.HAL_I2C_ER_IRQHandler), (102 bytes).
    Removing stm32f3xx_hal_i2c.o(.ARM.exidx.text.HAL_I2C_ER_IRQHandler), (8 bytes).
    Removing stm32f3xx_hal_i2c.o(.text.I2C_ITError), (234 bytes).
    Removing stm32f3xx_hal_i2c.o(.ARM.exidx.text.I2C_ITError), (8 bytes).
    Removing stm32f3xx_hal_i2c.o(.text.HAL_I2C_MasterTxCpltCallback), (2 bytes).
    Removing stm32f3xx_hal_i2c.o(.ARM.exidx.text.HAL_I2C_MasterTxCpltCallback), (8 bytes).
    Removing stm32f3xx_hal_i2c.o(.text.HAL_I2C_MasterRxCpltCallback), (2 bytes).
    Removing stm32f3xx_hal_i2c.o(.ARM.exidx.text.HAL_I2C_MasterRxCpltCallback), (8 bytes).
    Removing stm32f3xx_hal_i2c.o(.text.HAL_I2C_SlaveTxCpltCallback), (2 bytes).
    Removing stm32f3xx_hal_i2c.o(.ARM.exidx.text.HAL_I2C_SlaveTxCpltCallback), (8 bytes).
    Removing stm32f3xx_hal_i2c.o(.text.HAL_I2C_SlaveRxCpltCallback), (2 bytes).
    Removing stm32f3xx_hal_i2c.o(.ARM.exidx.text.HAL_I2C_SlaveRxCpltCallback), (8 bytes).
    Removing stm32f3xx_hal_i2c.o(.text.HAL_I2C_AddrCallback), (2 bytes).
    Removing stm32f3xx_hal_i2c.o(.ARM.exidx.text.HAL_I2C_AddrCallback), (8 bytes).
    Removing stm32f3xx_hal_i2c.o(.text.HAL_I2C_ListenCpltCallback), (2 bytes).
    Removing stm32f3xx_hal_i2c.o(.ARM.exidx.text.HAL_I2C_ListenCpltCallback), (8 bytes).
    Removing stm32f3xx_hal_i2c.o(.text.HAL_I2C_MemTxCpltCallback), (2 bytes).
    Removing stm32f3xx_hal_i2c.o(.ARM.exidx.text.HAL_I2C_MemTxCpltCallback), (8 bytes).
    Removing stm32f3xx_hal_i2c.o(.text.HAL_I2C_MemRxCpltCallback), (2 bytes).
    Removing stm32f3xx_hal_i2c.o(.ARM.exidx.text.HAL_I2C_MemRxCpltCallback), (8 bytes).
    Removing stm32f3xx_hal_i2c.o(.text.HAL_I2C_ErrorCallback), (2 bytes).
    Removing stm32f3xx_hal_i2c.o(.ARM.exidx.text.HAL_I2C_ErrorCallback), (8 bytes).
    Removing stm32f3xx_hal_i2c.o(.text.HAL_I2C_AbortCpltCallback), (2 bytes).
    Removing stm32f3xx_hal_i2c.o(.ARM.exidx.text.HAL_I2C_AbortCpltCallback), (8 bytes).
    Removing stm32f3xx_hal_i2c.o(.text.HAL_I2C_GetState), (6 bytes).
    Removing stm32f3xx_hal_i2c.o(.ARM.exidx.text.HAL_I2C_GetState), (8 bytes).
    Removing stm32f3xx_hal_i2c.o(.text.HAL_I2C_GetMode), (6 bytes).
    Removing stm32f3xx_hal_i2c.o(.ARM.exidx.text.HAL_I2C_GetMode), (8 bytes).
    Removing stm32f3xx_hal_i2c.o(.text.HAL_I2C_GetError), (4 bytes).
    Removing stm32f3xx_hal_i2c.o(.ARM.exidx.text.HAL_I2C_GetError), (8 bytes).
    Removing stm32f3xx_hal_i2c.o(.text.I2C_Flush_TXDR), (30 bytes).
    Removing stm32f3xx_hal_i2c.o(.ARM.exidx.text.I2C_Flush_TXDR), (8 bytes).
    Removing stm32f3xx_hal_i2c.o(.text.I2C_ITMasterSequentialCplt), (76 bytes).
    Removing stm32f3xx_hal_i2c.o(.ARM.exidx.text.I2C_ITMasterSequentialCplt), (8 bytes).
    Removing stm32f3xx_hal_i2c.o(.text.I2C_ITMasterCplt), (184 bytes).
    Removing stm32f3xx_hal_i2c.o(.ARM.exidx.text.I2C_ITMasterCplt), (8 bytes).
    Removing stm32f3xx_hal_i2c.o(.text.I2C_ITListenCplt), (92 bytes).
    Removing stm32f3xx_hal_i2c.o(.ARM.exidx.text.I2C_ITListenCplt), (8 bytes).
    Removing stm32f3xx_hal_i2c.o(.text.I2C_ITSlaveSequentialCplt), (90 bytes).
    Removing stm32f3xx_hal_i2c.o(.ARM.exidx.text.I2C_ITSlaveSequentialCplt), (8 bytes).
    Removing stm32f3xx_hal_i2c.o(.text.I2C_ITAddrCplt), (152 bytes).
    Removing stm32f3xx_hal_i2c.o(.ARM.exidx.text.I2C_ITAddrCplt), (8 bytes).
    Removing stm32f3xx_hal_i2c.o(.text.I2C_ITSlaveCplt), (250 bytes).
    Removing stm32f3xx_hal_i2c.o(.ARM.exidx.text.I2C_ITSlaveCplt), (8 bytes).
    Removing stm32f3xx_hal_i2c.o(.text.I2C_DMAAbort), (52 bytes).
    Removing stm32f3xx_hal_i2c.o(.ARM.exidx.text.I2C_DMAAbort), (8 bytes).
    Removing stm32f3xx_hal_i2c.o(.text.I2C_IsAcknowledgeFailed), (126 bytes).
    Removing stm32f3xx_hal_i2c.o(.ARM.exidx.text.I2C_IsAcknowledgeFailed), (8 bytes).
    Removing stm32f3xx_hal_i2c_ex.o(.text), (0 bytes).
    Removing stm32f3xx_hal_i2c_ex.o(.text.HAL_I2CEx_ConfigAnalogFilter), (74 bytes).
    Removing stm32f3xx_hal_i2c_ex.o(.ARM.exidx.text.HAL_I2CEx_ConfigAnalogFilter), (8 bytes).
    Removing stm32f3xx_hal_i2c_ex.o(.text.HAL_I2CEx_ConfigDigitalFilter), (72 bytes).
    Removing stm32f3xx_hal_i2c_ex.o(.ARM.exidx.text.HAL_I2CEx_ConfigDigitalFilter), (8 bytes).
    Removing stm32f3xx_hal_i2c_ex.o(.text.HAL_I2CEx_EnableWakeUp), (68 bytes).
    Removing stm32f3xx_hal_i2c_ex.o(.ARM.exidx.text.HAL_I2CEx_EnableWakeUp), (8 bytes).
    Removing stm32f3xx_hal_i2c_ex.o(.text.HAL_I2CEx_DisableWakeUp), (68 bytes).
    Removing stm32f3xx_hal_i2c_ex.o(.ARM.exidx.text.HAL_I2CEx_DisableWakeUp), (8 bytes).
    Removing stm32f3xx_hal_i2c_ex.o(.text.HAL_I2CEx_EnableFastModePlus), (44 bytes).
    Removing stm32f3xx_hal_i2c_ex.o(.ARM.exidx.text.HAL_I2CEx_EnableFastModePlus), (8 bytes).
    Removing stm32f3xx_hal_i2c_ex.o(.text.HAL_I2CEx_DisableFastModePlus), (46 bytes).
    Removing stm32f3xx_hal_i2c_ex.o(.ARM.exidx.text.HAL_I2CEx_DisableFastModePlus), (8 bytes).
    Removing stm32f3xx_hal_i2s.o(.text), (0 bytes).
    Removing stm32f3xx_hal_i2s_ex.o(.text), (0 bytes).
    Removing stm32f3xx_hal_irda.o(.text), (0 bytes).
    Removing stm32f3xx_hal_iwdg.o(.text), (0 bytes).
    Removing stm32f3xx_hal_nand.o(.text), (0 bytes).
    Removing stm32f3xx_hal_nor.o(.text), (0 bytes).
    Removing stm32f3xx_hal_opamp.o(.text), (0 bytes).
    Removing stm32f3xx_hal_opamp_ex.o(.text), (0 bytes).
    Removing stm32f3xx_hal_pccard.o(.text), (0 bytes).
    Removing stm32f3xx_hal_pcd.o(.text), (0 bytes).
    Removing stm32f3xx_hal_pcd_ex.o(.text), (0 bytes).
    Removing stm32f3xx_hal_pwr.o(.text), (0 bytes).
    Removing stm32f3xx_hal_pwr.o(.text.HAL_PWR_DeInit), (26 bytes).
    Removing stm32f3xx_hal_pwr.o(.ARM.exidx.text.HAL_PWR_DeInit), (8 bytes).
    Removing stm32f3xx_hal_pwr.o(.text.HAL_PWR_EnableBkUpAccess), (18 bytes).
    Removing stm32f3xx_hal_pwr.o(.ARM.exidx.text.HAL_PWR_EnableBkUpAccess), (8 bytes).
    Removing stm32f3xx_hal_pwr.o(.text.HAL_PWR_DisableBkUpAccess), (18 bytes).
    Removing stm32f3xx_hal_pwr.o(.ARM.exidx.text.HAL_PWR_DisableBkUpAccess), (8 bytes).
    Removing stm32f3xx_hal_pwr.o(.text.HAL_PWR_EnableWakeUpPin), (16 bytes).
    Removing stm32f3xx_hal_pwr.o(.ARM.exidx.text.HAL_PWR_EnableWakeUpPin), (8 bytes).
    Removing stm32f3xx_hal_pwr.o(.text.HAL_PWR_DisableWakeUpPin), (18 bytes).
    Removing stm32f3xx_hal_pwr.o(.ARM.exidx.text.HAL_PWR_DisableWakeUpPin), (8 bytes).
    Removing stm32f3xx_hal_pwr.o(.text.HAL_PWR_EnterSLEEPMode), (30 bytes).
    Removing stm32f3xx_hal_pwr.o(.ARM.exidx.text.HAL_PWR_EnterSLEEPMode), (8 bytes).
    Removing stm32f3xx_hal_pwr.o(.text.HAL_PWR_EnterSTOPMode), (60 bytes).
    Removing stm32f3xx_hal_pwr.o(.ARM.exidx.text.HAL_PWR_EnterSTOPMode), (8 bytes).
    Removing stm32f3xx_hal_pwr.o(.text.HAL_PWR_EnterSTANDBYMode), (36 bytes).
    Removing stm32f3xx_hal_pwr.o(.ARM.exidx.text.HAL_PWR_EnterSTANDBYMode), (8 bytes).
    Removing stm32f3xx_hal_pwr.o(.text.HAL_PWR_EnableSleepOnExit), (18 bytes).
    Removing stm32f3xx_hal_pwr.o(.ARM.exidx.text.HAL_PWR_EnableSleepOnExit), (8 bytes).
    Removing stm32f3xx_hal_pwr.o(.text.HAL_PWR_DisableSleepOnExit), (18 bytes).
    Removing stm32f3xx_hal_pwr.o(.ARM.exidx.text.HAL_PWR_DisableSleepOnExit), (8 bytes).
    Removing stm32f3xx_hal_pwr.o(.text.HAL_PWR_EnableSEVOnPend), (18 bytes).
    Removing stm32f3xx_hal_pwr.o(.ARM.exidx.text.HAL_PWR_EnableSEVOnPend), (8 bytes).
    Removing stm32f3xx_hal_pwr.o(.text.HAL_PWR_DisableSEVOnPend), (18 bytes).
    Removing stm32f3xx_hal_pwr.o(.ARM.exidx.text.HAL_PWR_DisableSEVOnPend), (8 bytes).
    Removing stm32f3xx_hal_pwr_ex.o(.text), (0 bytes).
    Removing stm32f3xx_hal_pwr_ex.o(.text.HAL_PWR_ConfigPVD), (128 bytes).
    Removing stm32f3xx_hal_pwr_ex.o(.ARM.exidx.text.HAL_PWR_ConfigPVD), (8 bytes).
    Removing stm32f3xx_hal_pwr_ex.o(.text.HAL_PWR_EnablePVD), (18 bytes).
    Removing stm32f3xx_hal_pwr_ex.o(.ARM.exidx.text.HAL_PWR_EnablePVD), (8 bytes).
    Removing stm32f3xx_hal_pwr_ex.o(.text.HAL_PWR_DisablePVD), (18 bytes).
    Removing stm32f3xx_hal_pwr_ex.o(.ARM.exidx.text.HAL_PWR_DisablePVD), (8 bytes).
    Removing stm32f3xx_hal_pwr_ex.o(.text.HAL_PWR_PVD_IRQHandler), (30 bytes).
    Removing stm32f3xx_hal_pwr_ex.o(.ARM.exidx.text.HAL_PWR_PVD_IRQHandler), (8 bytes).
    Removing stm32f3xx_hal_pwr_ex.o(.text.HAL_PWR_PVDCallback), (2 bytes).
    Removing stm32f3xx_hal_pwr_ex.o(.ARM.exidx.text.HAL_PWR_PVDCallback), (8 bytes).
    Removing stm32f3xx_hal_rcc.o(.text), (0 bytes).
    Removing stm32f3xx_hal_rcc.o(.text.HAL_RCC_DeInit), (82 bytes).
    Removing stm32f3xx_hal_rcc.o(.ARM.exidx.text.HAL_RCC_DeInit), (8 bytes).
    Removing stm32f3xx_hal_rcc.o(.ARM.exidx.text.HAL_RCC_OscConfig), (8 bytes).
    Removing stm32f3xx_hal_rcc.o(.ARM.exidx.text.HAL_RCC_ClockConfig), (8 bytes).
    Removing stm32f3xx_hal_rcc.o(.ARM.exidx.text.HAL_RCC_GetSysClockFreq), (8 bytes).
    Removing stm32f3xx_hal_rcc.o(.text.HAL_RCC_MCOConfig), (86 bytes).
    Removing stm32f3xx_hal_rcc.o(.ARM.exidx.text.HAL_RCC_MCOConfig), (8 bytes).
    Removing stm32f3xx_hal_rcc.o(.text.HAL_RCC_EnableCSS), (12 bytes).
    Removing stm32f3xx_hal_rcc.o(.ARM.exidx.text.HAL_RCC_EnableCSS), (8 bytes).
    Removing stm32f3xx_hal_rcc.o(.text.HAL_RCC_DisableCSS), (12 bytes).
    Removing stm32f3xx_hal_rcc.o(.ARM.exidx.text.HAL_RCC_DisableCSS), (8 bytes).
    Removing stm32f3xx_hal_rcc.o(.text.HAL_RCC_GetHCLKFreq), (12 bytes).
    Removing stm32f3xx_hal_rcc.o(.ARM.exidx.text.HAL_RCC_GetHCLKFreq), (8 bytes).
    Removing stm32f3xx_hal_rcc.o(.text.HAL_RCC_GetPCLK1Freq), (34 bytes).
    Removing stm32f3xx_hal_rcc.o(.ARM.exidx.text.HAL_RCC_GetPCLK1Freq), (8 bytes).
    Removing stm32f3xx_hal_rcc.o(.text.HAL_RCC_GetPCLK2Freq), (34 bytes).
    Removing stm32f3xx_hal_rcc.o(.ARM.exidx.text.HAL_RCC_GetPCLK2Freq), (8 bytes).
    Removing stm32f3xx_hal_rcc.o(.text.HAL_RCC_GetOscConfig), (126 bytes).
    Removing stm32f3xx_hal_rcc.o(.ARM.exidx.text.HAL_RCC_GetOscConfig), (8 bytes).
    Removing stm32f3xx_hal_rcc.o(.text.HAL_RCC_GetClockConfig), (66 bytes).
    Removing stm32f3xx_hal_rcc.o(.ARM.exidx.text.HAL_RCC_GetClockConfig), (8 bytes).
    Removing stm32f3xx_hal_rcc.o(.text.HAL_RCC_NMI_IRQHandler), (28 bytes).
    Removing stm32f3xx_hal_rcc.o(.ARM.exidx.text.HAL_RCC_NMI_IRQHandler), (8 bytes).
    Removing stm32f3xx_hal_rcc.o(.text.HAL_RCC_CSSCallback), (2 bytes).
    Removing stm32f3xx_hal_rcc.o(.ARM.exidx.text.HAL_RCC_CSSCallback), (8 bytes).
    Removing stm32f3xx_hal_rcc_ex.o(.text), (0 bytes).
    Removing stm32f3xx_hal_rcc_ex.o(.text.HAL_RCCEx_PeriphCLKConfig), (478 bytes).
    Removing stm32f3xx_hal_rcc_ex.o(.ARM.exidx.text.HAL_RCCEx_PeriphCLKConfig), (8 bytes).
    Removing stm32f3xx_hal_rcc_ex.o(.text.HAL_RCCEx_GetPeriphCLKConfig), (140 bytes).
    Removing stm32f3xx_hal_rcc_ex.o(.ARM.exidx.text.HAL_RCCEx_GetPeriphCLKConfig), (8 bytes).
    Removing stm32f3xx_hal_rcc_ex.o(.text.HAL_RCCEx_GetPeriphCLKFreq), (604 bytes).
    Removing stm32f3xx_hal_rcc_ex.o(.ARM.exidx.text.HAL_RCCEx_GetPeriphCLKFreq), (8 bytes).
    Removing stm32f3xx_hal_rcc_ex.o(.text.RCC_GetPLLCLKFreq), (60 bytes).
    Removing stm32f3xx_hal_rcc_ex.o(.ARM.exidx.text.RCC_GetPLLCLKFreq), (8 bytes).
    Removing stm32f3xx_hal_rtc.o(.text), (0 bytes).
    Removing stm32f3xx_hal_rtc_ex.o(.text), (0 bytes).
    Removing stm32f3xx_hal_sdadc.o(.text), (0 bytes).
    Removing stm32f3xx_hal_smartcard.o(.text), (0 bytes).
    Removing stm32f3xx_hal_smartcard_ex.o(.text), (0 bytes).
    Removing stm32f3xx_hal_smbus.o(.text), (0 bytes).
    Removing stm32f3xx_hal_spi.o(.text), (0 bytes).
    Removing stm32f3xx_hal_spi_ex.o(.text), (0 bytes).
    Removing stm32f3xx_hal_sram.o(.text), (0 bytes).
    Removing stm32f3xx_hal_tim.o(.text), (0 bytes).
    Removing stm32f3xx_hal_tim_ex.o(.text), (0 bytes).
    Removing stm32f3xx_hal_tsc.o(.text), (0 bytes).
    Removing stm32f3xx_hal_uart.o(.text), (0 bytes).
    Removing stm32f3xx_hal_uart_ex.o(.text), (0 bytes).
    Removing stm32f3xx_hal_usart.o(.text), (0 bytes).
    Removing stm32f3xx_hal_wwdg.o(.text), (0 bytes).
    Removing stm32f3xx_ll_adc.o(.text), (0 bytes).
    Removing stm32f3xx_ll_comp.o(.text), (0 bytes).
    Removing stm32f3xx_ll_crc.o(.text), (0 bytes).
    Removing stm32f3xx_ll_dac.o(.text), (0 bytes).
    Removing stm32f3xx_ll_dma.o(.text), (0 bytes).
    Removing stm32f3xx_ll_exti.o(.text), (0 bytes).
    Removing stm32f3xx_ll_fmc.o(.text), (0 bytes).
    Removing stm32f3xx_ll_gpio.o(.text), (0 bytes).
    Removing stm32f3xx_ll_hrtim.o(.text), (0 bytes).
    Removing stm32f3xx_ll_i2c.o(.text), (0 bytes).
    Removing stm32f3xx_ll_opamp.o(.text), (0 bytes).
    Removing stm32f3xx_ll_pwr.o(.text), (0 bytes).
    Removing stm32f3xx_ll_rcc.o(.text), (0 bytes).
    Removing stm32f3xx_ll_rtc.o(.text), (0 bytes).
    Removing stm32f3xx_ll_spi.o(.text), (0 bytes).
    Removing stm32f3xx_ll_tim.o(.text), (0 bytes).
    Removing stm32f3xx_ll_usart.o(.text), (0 bytes).
    Removing stm32f3xx_ll_utils.o(.text), (0 bytes).
    Removing stm32f3xx_ll_utils.o(.text.LL_Init1msTick), (8 bytes).
    Removing stm32f3xx_ll_utils.o(.ARM.exidx.text.LL_Init1msTick), (8 bytes).
    Removing stm32f3xx_ll_utils.o(.text.LL_InitTick), (40 bytes).
    Removing stm32f3xx_ll_utils.o(.ARM.exidx.text.LL_InitTick), (8 bytes).
    Removing stm32f3xx_ll_utils.o(.text.LL_mDelay), (44 bytes).
    Removing stm32f3xx_ll_utils.o(.ARM.exidx.text.LL_mDelay), (8 bytes).
    Removing stm32f3xx_ll_utils.o(.text.LL_SetSystemCoreClock), (12 bytes).
    Removing stm32f3xx_ll_utils.o(.ARM.exidx.text.LL_SetSystemCoreClock), (8 bytes).
    Removing stm32f3xx_ll_utils.o(.text.LL_PLL_ConfigSystemClock_HSI), (78 bytes).
    Removing stm32f3xx_ll_utils.o(.ARM.exidx.text.LL_PLL_ConfigSystemClock_HSI), (8 bytes).
    Removing stm32f3xx_ll_utils.o(.text.UTILS_PLL_IsBusy), (14 bytes).
    Removing stm32f3xx_ll_utils.o(.ARM.exidx.text.UTILS_PLL_IsBusy), (8 bytes).
    Removing stm32f3xx_ll_utils.o(.text.UTILS_GetPLLOutputFrequency), (20 bytes).
    Removing stm32f3xx_ll_utils.o(.ARM.exidx.text.UTILS_GetPLLOutputFrequency), (8 bytes).
    Removing stm32f3xx_ll_utils.o(.text.LL_RCC_HSI_IsReady), (16 bytes).
    Removing stm32f3xx_ll_utils.o(.ARM.exidx.text.LL_RCC_HSI_IsReady), (8 bytes).
    Removing stm32f3xx_ll_utils.o(.text.LL_RCC_HSI_Enable), (18 bytes).
    Removing stm32f3xx_ll_utils.o(.ARM.exidx.text.LL_RCC_HSI_Enable), (8 bytes).
    Removing stm32f3xx_ll_utils.o(.text.LL_RCC_PLL_ConfigDomain_SYS), (42 bytes).
    Removing stm32f3xx_ll_utils.o(.ARM.exidx.text.LL_RCC_PLL_ConfigDomain_SYS), (8 bytes).
    Removing stm32f3xx_ll_utils.o(.text.UTILS_EnablePLLAndSwitchSystem), (158 bytes).
    Removing stm32f3xx_ll_utils.o(.ARM.exidx.text.UTILS_EnablePLLAndSwitchSystem), (8 bytes).
    Removing stm32f3xx_ll_utils.o(.text.LL_PLL_ConfigSystemClock_HSE), (96 bytes).
    Removing stm32f3xx_ll_utils.o(.ARM.exidx.text.LL_PLL_ConfigSystemClock_HSE), (8 bytes).
    Removing stm32f3xx_ll_utils.o(.text.LL_RCC_HSE_IsReady), (16 bytes).
    Removing stm32f3xx_ll_utils.o(.ARM.exidx.text.LL_RCC_HSE_IsReady), (8 bytes).
    Removing stm32f3xx_ll_utils.o(.text.LL_RCC_HSE_EnableBypass), (18 bytes).
    Removing stm32f3xx_ll_utils.o(.ARM.exidx.text.LL_RCC_HSE_EnableBypass), (8 bytes).
    Removing stm32f3xx_ll_utils.o(.text.LL_RCC_HSE_DisableBypass), (18 bytes).
    Removing stm32f3xx_ll_utils.o(.ARM.exidx.text.LL_RCC_HSE_DisableBypass), (8 bytes).
    Removing stm32f3xx_ll_utils.o(.text.LL_RCC_HSE_Enable), (18 bytes).
    Removing stm32f3xx_ll_utils.o(.ARM.exidx.text.LL_RCC_HSE_Enable), (8 bytes).
    Removing stm32f3xx_ll_utils.o(.text.LL_RCC_PLL_IsReady), (16 bytes).
    Removing stm32f3xx_ll_utils.o(.ARM.exidx.text.LL_RCC_PLL_IsReady), (8 bytes).
    Removing stm32f3xx_ll_utils.o(.text.LL_RCC_GetAHBPrescaler), (16 bytes).
    Removing stm32f3xx_ll_utils.o(.ARM.exidx.text.LL_RCC_GetAHBPrescaler), (8 bytes).
    Removing stm32f3xx_ll_utils.o(.text.UTILS_SetFlashLatency), (60 bytes).
    Removing stm32f3xx_ll_utils.o(.ARM.exidx.text.UTILS_SetFlashLatency), (8 bytes).
    Removing stm32f3xx_ll_utils.o(.text.LL_RCC_PLL_Enable), (18 bytes).
    Removing stm32f3xx_ll_utils.o(.ARM.exidx.text.LL_RCC_PLL_Enable), (8 bytes).
    Removing stm32f3xx_ll_utils.o(.text.LL_RCC_SetAHBPrescaler), (20 bytes).
    Removing stm32f3xx_ll_utils.o(.ARM.exidx.text.LL_RCC_SetAHBPrescaler), (8 bytes).
    Removing stm32f3xx_ll_utils.o(.text.LL_RCC_SetSysClkSource), (20 bytes).
    Removing stm32f3xx_ll_utils.o(.ARM.exidx.text.LL_RCC_SetSysClkSource), (8 bytes).
    Removing stm32f3xx_ll_utils.o(.text.LL_RCC_GetSysClkSource), (16 bytes).
    Removing stm32f3xx_ll_utils.o(.ARM.exidx.text.LL_RCC_GetSysClkSource), (8 bytes).
    Removing stm32f3xx_ll_utils.o(.text.LL_RCC_SetAPB1Prescaler), (20 bytes).
    Removing stm32f3xx_ll_utils.o(.ARM.exidx.text.LL_RCC_SetAPB1Prescaler), (8 bytes).
    Removing stm32f3xx_ll_utils.o(.text.LL_RCC_SetAPB2Prescaler), (20 bytes).
    Removing stm32f3xx_ll_utils.o(.ARM.exidx.text.LL_RCC_SetAPB2Prescaler), (8 bytes).
    Removing stm32f3xx_ll_utils.o(.text.LL_FLASH_SetLatency), (20 bytes).
    Removing stm32f3xx_ll_utils.o(.ARM.exidx.text.LL_FLASH_SetLatency), (8 bytes).
    Removing stm32f3xx_ll_utils.o(.text.LL_FLASH_GetLatency), (16 bytes).
    Removing stm32f3xx_ll_utils.o(.ARM.exidx.text.LL_FLASH_GetLatency), (8 bytes).
    Removing stm32f3xx_ll.o(.text), (0 bytes).

585 unused section(s) (total 19196 bytes) removed from the image.

==============================================================================

Image Symbol Table

    Local Symbols

    Symbol Name                              Value     Ov Type        Size  Object(Section)

    ../clib/angel/boardlib.s                 0x00000000   Number         0  boardinit1.o ABSOLUTE
    ../clib/angel/boardlib.s                 0x00000000   Number         0  boardinit2.o ABSOLUTE
    ../clib/angel/boardlib.s                 0x00000000   Number         0  boardinit3.o ABSOLUTE
    ../clib/angel/boardlib.s                 0x00000000   Number         0  boardshut.o ABSOLUTE
    ../clib/angel/handlers.s                 0x00000000   Number         0  __scatter_copy.o ABSOLUTE
    ../clib/angel/handlers.s                 0x00000000   Number         0  __scatter_zi.o ABSOLUTE
    ../clib/angel/kernel.s                   0x00000000   Number         0  __rtentry.o ABSOLUTE
    ../clib/angel/kernel.s                   0x00000000   Number         0  __rtentry2.o ABSOLUTE
    ../clib/angel/kernel.s                   0x00000000   Number         0  __rtentry4.o ABSOLUTE
    ../clib/angel/kernel.s                   0x00000000   Number         0  rtexit.o ABSOLUTE
    ../clib/angel/kernel.s                   0x00000000   Number         0  rtexit2.o ABSOLUTE
    ../clib/angel/rt.s                       0x00000000   Number         0  rt_raise.o ABSOLUTE
    ../clib/angel/scatter.s                  0x00000000   Number         0  __scatter.o ABSOLUTE
    ../clib/angel/startup.s                  0x00000000   Number         0  __main.o ABSOLUTE
    ../clib/angel/sys.s                      0x00000000   Number         0  sys_stackheap_outer.o ABSOLUTE
    ../clib/angel/sys.s                      0x00000000   Number         0  libspace.o ABSOLUTE
    ../clib/angel/sys.s                      0x00000000   Number         0  use_no_semi.o ABSOLUTE
    ../clib/angel/sys.s                      0x00000000   Number         0  indicate_semi.o ABSOLUTE
    ../clib/angel/sysapp.c                   0x00000000   Number         0  sys_exit.o ABSOLUTE
    ../clib/angel/sysapp.c                   0x00000000   Number         0  sys_exit_hlt.o ABSOLUTE
    ../clib/angel/sysapp.c                   0x00000000   Number         0  sys_command.o ABSOLUTE
    ../clib/angel/sysapp.c                   0x00000000   Number         0  sys_command_hlt.o ABSOLUTE
    ../clib/angel/sysapp.c                   0x00000000   Number         0  sys_wrch.o ABSOLUTE
    ../clib/angel/sysapp.c                   0x00000000   Number         0  sys_wrch_hlt.o ABSOLUTE
    ../clib/armsys.c                         0x00000000   Number         0  argv_veneer.o ABSOLUTE
    ../clib/armsys.c                         0x00000000   Number         0  argv_veneer.o ABSOLUTE
    ../clib/armsys.c                         0x00000000   Number         0  _get_argv_nomalloc.o ABSOLUTE
    ../clib/armsys.c                         0x00000000   Number         0  no_argv.o ABSOLUTE
    ../clib/heapalloc.c                      0x00000000   Number         0  hrguard.o ABSOLUTE
    ../clib/heapaux.c                        0x00000000   Number         0  heapauxi.o ABSOLUTE
    ../clib/libinit.s                        0x00000000   Number         0  libinit.o ABSOLUTE
    ../clib/libinit.s                        0x00000000   Number         0  libinit2.o ABSOLUTE
    ../clib/libinit.s                        0x00000000   Number         0  libshutdown.o ABSOLUTE
    ../clib/libinit.s                        0x00000000   Number         0  libshutdown2.o ABSOLUTE
    ../clib/memcpset.s                       0x00000000   Number         0  rt_memclr_w.o ABSOLUTE
    ../clib/signal.c                         0x00000000   Number         0  defsig_rtmem_outer.o ABSOLUTE
    ../clib/signal.c                         0x00000000   Number         0  defsig_rtmem_formal.o ABSOLUTE
    ../clib/signal.c                         0x00000000   Number         0  defsig_exit.o ABSOLUTE
    ../clib/signal.c                         0x00000000   Number         0  defsig_rtmem_inner.o ABSOLUTE
    ../clib/signal.c                         0x00000000   Number         0  __raise.o ABSOLUTE
    ../clib/signal.c                         0x00000000   Number         0  defsig_general.o ABSOLUTE
    ../clib/signal.c                         0x00000000   Number         0  defsig_abrt_inner.o ABSOLUTE
    ../clib/signal.c                         0x00000000   Number         0  defsig_fpe_inner.o ABSOLUTE
    ../clib/signal.c                         0x00000000   Number         0  defsig_rtred_inner.o ABSOLUTE
    ../clib/signal.c                         0x00000000   Number         0  defsig_stak_inner.o ABSOLUTE
    ../clib/signal.c                         0x00000000   Number         0  defsig_pvfn_inner.o ABSOLUTE
    ../clib/signal.c                         0x00000000   Number         0  defsig_cppl_inner.o ABSOLUTE
    ../clib/signal.c                         0x00000000   Number         0  defsig_segv_inner.o ABSOLUTE
    ../clib/signal.c                         0x00000000   Number         0  defsig_other.o ABSOLUTE
    ../clib/signal.s                         0x00000000   Number         0  defsig.o ABSOLUTE
    ../clib/stdlib.c                         0x00000000   Number         0  exit.o ABSOLUTE
    ../fplib/fpinit.s                        0x00000000   Number         0  fpinit.o ABSOLUTE
    Buttons_STM32F3-CubeMX.c                 0x00000000   Number         0  buttons_stm32f3-cubemx.o ABSOLUTE
    C:/ST/stm32_projects/nucleo_button/RTE/Device/STM32F302R8Tx/STCubeGenerated/MDK-ARM/startup_stm32f302x8.s 0x00000000   Number         0  startup_stm32f302x8.o ABSOLUTE
    LED_STM32F3-CubeMX.c                     0x00000000   Number         0  led_stm32f3-cubemx.o ABSOLUTE
    dc.s                                     0x00000000   Number         0  dc.o ABSOLUTE
    main.c                                   0x00000000   Number         0  main.o ABSOLUTE
    stm32f3xx_hal.c                          0x00000000   Number         0  stm32f3xx_hal.o ABSOLUTE
    stm32f3xx_hal_adc.c                      0x00000000   Number         0  stm32f3xx_hal_adc.o ABSOLUTE
    stm32f3xx_hal_adc_ex.c                   0x00000000   Number         0  stm32f3xx_hal_adc_ex.o ABSOLUTE
    stm32f3xx_hal_can.c                      0x00000000   Number         0  stm32f3xx_hal_can.o ABSOLUTE
    stm32f3xx_hal_cec.c                      0x00000000   Number         0  stm32f3xx_hal_cec.o ABSOLUTE
    stm32f3xx_hal_comp.c                     0x00000000   Number         0  stm32f3xx_hal_comp.o ABSOLUTE
    stm32f3xx_hal_cortex.c                   0x00000000   Number         0  stm32f3xx_hal_cortex.o ABSOLUTE
    stm32f3xx_hal_crc.c                      0x00000000   Number         0  stm32f3xx_hal_crc.o ABSOLUTE
    stm32f3xx_hal_crc_ex.c                   0x00000000   Number         0  stm32f3xx_hal_crc_ex.o ABSOLUTE
    stm32f3xx_hal_dac.c                      0x00000000   Number         0  stm32f3xx_hal_dac.o ABSOLUTE
    stm32f3xx_hal_dac_ex.c                   0x00000000   Number         0  stm32f3xx_hal_dac_ex.o ABSOLUTE
    stm32f3xx_hal_dma.c                      0x00000000   Number         0  stm32f3xx_hal_dma.o ABSOLUTE
    stm32f3xx_hal_flash.c                    0x00000000   Number         0  stm32f3xx_hal_flash.o ABSOLUTE
    stm32f3xx_hal_flash_ex.c                 0x00000000   Number         0  stm32f3xx_hal_flash_ex.o ABSOLUTE
    stm32f3xx_hal_gpio.c                     0x00000000   Number         0  stm32f3xx_hal_gpio.o ABSOLUTE
    stm32f3xx_hal_hrtim.c                    0x00000000   Number         0  stm32f3xx_hal_hrtim.o ABSOLUTE
    stm32f3xx_hal_i2c.c                      0x00000000   Number         0  stm32f3xx_hal_i2c.o ABSOLUTE
    stm32f3xx_hal_i2c_ex.c                   0x00000000   Number         0  stm32f3xx_hal_i2c_ex.o ABSOLUTE
    stm32f3xx_hal_i2s.c                      0x00000000   Number         0  stm32f3xx_hal_i2s.o ABSOLUTE
    stm32f3xx_hal_i2s_ex.c                   0x00000000   Number         0  stm32f3xx_hal_i2s_ex.o ABSOLUTE
    stm32f3xx_hal_irda.c                     0x00000000   Number         0  stm32f3xx_hal_irda.o ABSOLUTE
    stm32f3xx_hal_iwdg.c                     0x00000000   Number         0  stm32f3xx_hal_iwdg.o ABSOLUTE
    stm32f3xx_hal_msp.c                      0x00000000   Number         0  stm32f3xx_hal_msp.o ABSOLUTE
    stm32f3xx_hal_nand.c                     0x00000000   Number         0  stm32f3xx_hal_nand.o ABSOLUTE
    stm32f3xx_hal_nor.c                      0x00000000   Number         0  stm32f3xx_hal_nor.o ABSOLUTE
    stm32f3xx_hal_opamp.c                    0x00000000   Number         0  stm32f3xx_hal_opamp.o ABSOLUTE
    stm32f3xx_hal_opamp_ex.c                 0x00000000   Number         0  stm32f3xx_hal_opamp_ex.o ABSOLUTE
    stm32f3xx_hal_pccard.c                   0x00000000   Number         0  stm32f3xx_hal_pccard.o ABSOLUTE
    stm32f3xx_hal_pcd.c                      0x00000000   Number         0  stm32f3xx_hal_pcd.o ABSOLUTE
    stm32f3xx_hal_pcd_ex.c                   0x00000000   Number         0  stm32f3xx_hal_pcd_ex.o ABSOLUTE
    stm32f3xx_hal_pwr.c                      0x00000000   Number         0  stm32f3xx_hal_pwr.o ABSOLUTE
    stm32f3xx_hal_pwr_ex.c                   0x00000000   Number         0  stm32f3xx_hal_pwr_ex.o ABSOLUTE
    stm32f3xx_hal_rcc.c                      0x00000000   Number         0  stm32f3xx_hal_rcc.o ABSOLUTE
    stm32f3xx_hal_rcc_ex.c                   0x00000000   Number         0  stm32f3xx_hal_rcc_ex.o ABSOLUTE
    stm32f3xx_hal_rtc.c                      0x00000000   Number         0  stm32f3xx_hal_rtc.o ABSOLUTE
    stm32f3xx_hal_rtc_ex.c                   0x00000000   Number         0  stm32f3xx_hal_rtc_ex.o ABSOLUTE
    stm32f3xx_hal_sdadc.c                    0x00000000   Number         0  stm32f3xx_hal_sdadc.o ABSOLUTE
    stm32f3xx_hal_smartcard.c                0x00000000   Number         0  stm32f3xx_hal_smartcard.o ABSOLUTE
    stm32f3xx_hal_smartcard_ex.c             0x00000000   Number         0  stm32f3xx_hal_smartcard_ex.o ABSOLUTE
    stm32f3xx_hal_smbus.c                    0x00000000   Number         0  stm32f3xx_hal_smbus.o ABSOLUTE
    stm32f3xx_hal_spi.c                      0x00000000   Number         0  stm32f3xx_hal_spi.o ABSOLUTE
    stm32f3xx_hal_spi_ex.c                   0x00000000   Number         0  stm32f3xx_hal_spi_ex.o ABSOLUTE
    stm32f3xx_hal_sram.c                     0x00000000   Number         0  stm32f3xx_hal_sram.o ABSOLUTE
    stm32f3xx_hal_tim.c                      0x00000000   Number         0  stm32f3xx_hal_tim.o ABSOLUTE
    stm32f3xx_hal_tim_ex.c                   0x00000000   Number         0  stm32f3xx_hal_tim_ex.o ABSOLUTE
    stm32f3xx_hal_tsc.c                      0x00000000   Number         0  stm32f3xx_hal_tsc.o ABSOLUTE
    stm32f3xx_hal_uart.c                     0x00000000   Number         0  stm32f3xx_hal_uart.o ABSOLUTE
    stm32f3xx_hal_uart_ex.c                  0x00000000   Number         0  stm32f3xx_hal_uart_ex.o ABSOLUTE
    stm32f3xx_hal_usart.c                    0x00000000   Number         0  stm32f3xx_hal_usart.o ABSOLUTE
    stm32f3xx_hal_wwdg.c                     0x00000000   Number         0  stm32f3xx_hal_wwdg.o ABSOLUTE
    stm32f3xx_it.c                           0x00000000   Number         0  stm32f3xx_it.o ABSOLUTE
    stm32f3xx_ll.c                           0x00000000   Number         0  stm32f3xx_ll.o ABSOLUTE
    stm32f3xx_ll_adc.c                       0x00000000   Number         0  stm32f3xx_ll_adc.o ABSOLUTE
    stm32f3xx_ll_comp.c                      0x00000000   Number         0  stm32f3xx_ll_comp.o ABSOLUTE
    stm32f3xx_ll_crc.c                       0x00000000   Number         0  stm32f3xx_ll_crc.o ABSOLUTE
    stm32f3xx_ll_dac.c                       0x00000000   Number         0  stm32f3xx_ll_dac.o ABSOLUTE
    stm32f3xx_ll_dma.c                       0x00000000   Number         0  stm32f3xx_ll_dma.o ABSOLUTE
    stm32f3xx_ll_exti.c                      0x00000000   Number         0  stm32f3xx_ll_exti.o ABSOLUTE
    stm32f3xx_ll_fmc.c                       0x00000000   Number         0  stm32f3xx_ll_fmc.o ABSOLUTE
    stm32f3xx_ll_gpio.c                      0x00000000   Number         0  stm32f3xx_ll_gpio.o ABSOLUTE
    stm32f3xx_ll_hrtim.c                     0x00000000   Number         0  stm32f3xx_ll_hrtim.o ABSOLUTE
    stm32f3xx_ll_i2c.c                       0x00000000   Number         0  stm32f3xx_ll_i2c.o ABSOLUTE
    stm32f3xx_ll_opamp.c                     0x00000000   Number         0  stm32f3xx_ll_opamp.o ABSOLUTE
    stm32f3xx_ll_pwr.c                       0x00000000   Number         0  stm32f3xx_ll_pwr.o ABSOLUTE
    stm32f3xx_ll_rcc.c                       0x00000000   Number         0  stm32f3xx_ll_rcc.o ABSOLUTE
    stm32f3xx_ll_rtc.c                       0x00000000   Number         0  stm32f3xx_ll_rtc.o ABSOLUTE
    stm32f3xx_ll_spi.c                       0x00000000   Number         0  stm32f3xx_ll_spi.o ABSOLUTE
    stm32f3xx_ll_tim.c                       0x00000000   Number         0  stm32f3xx_ll_tim.o ABSOLUTE
    stm32f3xx_ll_usart.c                     0x00000000   Number         0  stm32f3xx_ll_usart.o ABSOLUTE
    stm32f3xx_ll_utils.c                     0x00000000   Number         0  stm32f3xx_ll_utils.o ABSOLUTE
    system_stm32f3xx.c                       0x00000000   Number         0  system_stm32f3xx.o ABSOLUTE
    RESET                                    0x08000000   Section      392  startup_stm32f302x8.o(RESET)
    !!!main                                  0x08000188   Section        8  __main.o(!!!main)
    !!!scatter                               0x08000190   Section       52  __scatter.o(!!!scatter)
    !!handler_copy                           0x080001c4   Section       26  __scatter_copy.o(!!handler_copy)
    !!handler_zi                             0x080001e0   Section       28  __scatter_zi.o(!!handler_zi)
    .ARM.Collect$$libinit$$00000000          0x080001fc   Section        2  libinit.o(.ARM.Collect$$libinit$$00000000)
    .ARM.Collect$$libinit$$00000001          0x080001fe   Section        4  libinit2.o(.ARM.Collect$$libinit$$00000001)
    .ARM.Collect$$libinit$$00000004          0x08000202   Section        0  libinit2.o(.ARM.Collect$$libinit$$00000004)
    .ARM.Collect$$libinit$$0000000A          0x08000202   Section        0  libinit2.o(.ARM.Collect$$libinit$$0000000A)
    .ARM.Collect$$libinit$$0000000C          0x08000202   Section        0  libinit2.o(.ARM.Collect$$libinit$$0000000C)
    .ARM.Collect$$libinit$$0000000E          0x08000202   Section        0  libinit2.o(.ARM.Collect$$libinit$$0000000E)
    .ARM.Collect$$libinit$$00000011          0x08000202   Section        0  libinit2.o(.ARM.Collect$$libinit$$00000011)
    .ARM.Collect$$libinit$$00000013          0x08000202   Section        0  libinit2.o(.ARM.Collect$$libinit$$00000013)
    .ARM.Collect$$libinit$$00000015          0x08000202   Section        0  libinit2.o(.ARM.Collect$$libinit$$00000015)
    .ARM.Collect$$libinit$$00000017          0x08000202   Section        0  libinit2.o(.ARM.Collect$$libinit$$00000017)
    .ARM.Collect$$libinit$$00000019          0x08000202   Section        0  libinit2.o(.ARM.Collect$$libinit$$00000019)
    .ARM.Collect$$libinit$$0000001B          0x08000202   Section        0  libinit2.o(.ARM.Collect$$libinit$$0000001B)
    .ARM.Collect$$libinit$$0000001D          0x08000202   Section        0  libinit2.o(.ARM.Collect$$libinit$$0000001D)
    .ARM.Collect$$libinit$$0000001F          0x08000202   Section        0  libinit2.o(.ARM.Collect$$libinit$$0000001F)
    .ARM.Collect$$libinit$$00000021          0x08000202   Section        0  libinit2.o(.ARM.Collect$$libinit$$00000021)
    .ARM.Collect$$libinit$$00000023          0x08000202   Section        0  libinit2.o(.ARM.Collect$$libinit$$00000023)
    .ARM.Collect$$libinit$$00000025          0x08000202   Section        0  libinit2.o(.ARM.Collect$$libinit$$00000025)
    .ARM.Collect$$libinit$$0000002C          0x08000202   Section        0  libinit2.o(.ARM.Collect$$libinit$$0000002C)
    .ARM.Collect$$libinit$$0000002E          0x08000202   Section        0  libinit2.o(.ARM.Collect$$libinit$$0000002E)
    .ARM.Collect$$libinit$$00000030          0x08000202   Section        0  libinit2.o(.ARM.Collect$$libinit$$00000030)
    .ARM.Collect$$libinit$$00000032          0x08000202   Section        0  libinit2.o(.ARM.Collect$$libinit$$00000032)
    .ARM.Collect$$libinit$$00000033          0x08000202   Section        2  libinit2.o(.ARM.Collect$$libinit$$00000033)
    .ARM.Collect$$libshutdown$$00000000      0x08000204   Section        2  libshutdown.o(.ARM.Collect$$libshutdown$$00000000)
    .ARM.Collect$$libshutdown$$00000002      0x08000206   Section        0  libshutdown2.o(.ARM.Collect$$libshutdown$$00000002)
    .ARM.Collect$$libshutdown$$00000004      0x08000206   Section        0  libshutdown2.o(.ARM.Collect$$libshutdown$$00000004)
    .ARM.Collect$$libshutdown$$00000007      0x08000206   Section        0  libshutdown2.o(.ARM.Collect$$libshutdown$$00000007)
    .ARM.Collect$$libshutdown$$0000000A      0x08000206   Section        0  libshutdown2.o(.ARM.Collect$$libshutdown$$0000000A)
    .ARM.Collect$$libshutdown$$0000000C      0x08000206   Section        0  libshutdown2.o(.ARM.Collect$$libshutdown$$0000000C)
    .ARM.Collect$$libshutdown$$0000000F      0x08000206   Section        0  libshutdown2.o(.ARM.Collect$$libshutdown$$0000000F)
    .ARM.Collect$$libshutdown$$00000010      0x08000206   Section        2  libshutdown2.o(.ARM.Collect$$libshutdown$$00000010)
    .ARM.Collect$$rtentry$$00000000          0x08000208   Section        0  __rtentry.o(.ARM.Collect$$rtentry$$00000000)
    .ARM.Collect$$rtentry$$00000002          0x08000208   Section        0  __rtentry2.o(.ARM.Collect$$rtentry$$00000002)
    .ARM.Collect$$rtentry$$00000004          0x08000208   Section        6  __rtentry4.o(.ARM.Collect$$rtentry$$00000004)
    .ARM.Collect$$rtentry$$00000009          0x0800020e   Section        0  __rtentry2.o(.ARM.Collect$$rtentry$$00000009)
    .ARM.Collect$$rtentry$$0000000A          0x0800020e   Section        4  __rtentry2.o(.ARM.Collect$$rtentry$$0000000A)
    .ARM.Collect$$rtentry$$0000000C          0x08000212   Section        0  __rtentry2.o(.ARM.Collect$$rtentry$$0000000C)
    .ARM.Collect$$rtentry$$0000000D          0x08000212   Section        8  __rtentry2.o(.ARM.Collect$$rtentry$$0000000D)
    .ARM.Collect$$rtexit$$00000000           0x0800021a   Section        2  rtexit.o(.ARM.Collect$$rtexit$$00000000)
    .ARM.Collect$$rtexit$$00000002           0x0800021c   Section        0  rtexit2.o(.ARM.Collect$$rtexit$$00000002)
    .ARM.Collect$$rtexit$$00000003           0x0800021c   Section        4  rtexit2.o(.ARM.Collect$$rtexit$$00000003)
    .ARM.Collect$$rtexit$$00000004           0x08000220   Section        6  rtexit2.o(.ARM.Collect$$rtexit$$00000004)
    $v0                                      0x08000228   Number         0  startup_stm32f302x8.o(.text)
    .text                                    0x08000228   Section       64  startup_stm32f302x8.o(.text)
    .text                                    0x08000268   Section       78  rt_memclr_w.o(.text)
    .text                                    0x080002b6   Section        0  heapauxi.o(.text)
    .text                                    0x080002bc   Section       74  sys_stackheap_outer.o(.text)
    .text                                    0x08000306   Section        0  exit.o(.text)
    .text                                    0x08000318   Section        8  libspace.o(.text)
    .text                                    0x08000320   Section        0  sys_exit.o(.text)
    .text                                    0x0800032c   Section        2  use_no_semi.o(.text)
    .text                                    0x0800032e   Section        0  indicate_semi.o(.text)
    [Anonymous Symbol]                       0x08000330   Section        0  stm32f3xx_it.o(.text.BusFault_Handler)
    [Anonymous Symbol]                       0x08000334   Section        0  stm32f3xx_it.o(.text.DebugMon_Handler)
    [Anonymous Symbol]                       0x08000338   Section        0  stm32f3xx_hal_gpio.o(.text.HAL_GPIO_Init)
    [Anonymous Symbol]                       0x080004dc   Section        0  stm32f3xx_hal_gpio.o(.text.HAL_GPIO_ReadPin)
    [Anonymous Symbol]                       0x080004e8   Section        0  stm32f3xx_hal_gpio.o(.text.HAL_GPIO_WritePin)
    [Anonymous Symbol]                       0x080004f4   Section        0  stm32f3xx_hal.o(.text.HAL_GetTick)
    [Anonymous Symbol]                       0x08000500   Section        0  stm32f3xx_hal.o(.text.HAL_IncTick)
    [Anonymous Symbol]                       0x08000510   Section        0  stm32f3xx_hal.o(.text.HAL_Init)
    [Anonymous Symbol]                       0x08000538   Section        0  stm32f3xx_hal.o(.text.HAL_InitTick)
    [Anonymous Symbol]                       0x08000568   Section        0  stm32f3xx_hal_msp.o(.text.HAL_MspInit)
    [Anonymous Symbol]                       0x0800059c   Section        0  stm32f3xx_hal_cortex.o(.text.HAL_NVIC_SetPriority)
    [Anonymous Symbol]                       0x080005bc   Section        0  stm32f3xx_hal_cortex.o(.text.HAL_NVIC_SetPriorityGrouping)
    [Anonymous Symbol]                       0x080005c4   Section        0  stm32f3xx_hal_rcc.o(.text.HAL_RCC_ClockConfig)
    [Anonymous Symbol]                       0x08000738   Section        0  stm32f3xx_hal_rcc.o(.text.HAL_RCC_GetSysClockFreq)
    [Anonymous Symbol]                       0x08000790   Section        0  stm32f3xx_hal_rcc.o(.text.HAL_RCC_OscConfig)
    [Anonymous Symbol]                       0x08000a74   Section        0  stm32f3xx_hal_cortex.o(.text.HAL_SYSTICK_Config)
    [Anonymous Symbol]                       0x08000a7c   Section        0  stm32f3xx_it.o(.text.HardFault_Handler)
    MX_GPIO_Init                             0x08000a81   Thumb Code   198  main.o(.text.MX_GPIO_Init)
    [Anonymous Symbol]                       0x08000a80   Section        0  main.o(.text.MX_GPIO_Init)
    [Anonymous Symbol]                       0x08000b48   Section        0  stm32f3xx_it.o(.text.MemManage_Handler)
    [Anonymous Symbol]                       0x08000b4c   Section        0  stm32f3xx_it.o(.text.NMI_Handler)
    NVIC_EncodePriority                      0x08000b51   Thumb Code    44  stm32f3xx_hal_cortex.o(.text.NVIC_EncodePriority)
    [Anonymous Symbol]                       0x08000b50   Section        0  stm32f3xx_hal_cortex.o(.text.NVIC_EncodePriority)
    [Anonymous Symbol]                       0x08000b7c   Section        0  stm32f3xx_it.o(.text.PendSV_Handler)
    [Anonymous Symbol]                       0x08000b80   Section        0  stm32f3xx_it.o(.text.SVC_Handler)
    SysTick_Config                           0x08000b85   Thumb Code    46  stm32f3xx_hal_cortex.o(.text.SysTick_Config)
    [Anonymous Symbol]                       0x08000b84   Section        0  stm32f3xx_hal_cortex.o(.text.SysTick_Config)
    [Anonymous Symbol]                       0x08000bb4   Section        0  stm32f3xx_it.o(.text.SysTick_Handler)
    [Anonymous Symbol]                       0x08000bbc   Section        0  main.o(.text.SystemClock_Config)
    [Anonymous Symbol]                       0x08000c04   Section        0  system_stm32f3xx.o(.text.SystemInit)
    [Anonymous Symbol]                       0x08000c74   Section        0  stm32f3xx_it.o(.text.UsageFault_Handler)
    __NVIC_GetPriorityGrouping               0x08000c79   Thumb Code    16  stm32f3xx_hal_cortex.o(.text.__NVIC_GetPriorityGrouping)
    [Anonymous Symbol]                       0x08000c78   Section        0  stm32f3xx_hal_cortex.o(.text.__NVIC_GetPriorityGrouping)
    __NVIC_SetPriority                       0x08000c89   Thumb Code    34  stm32f3xx_hal_cortex.o(.text.__NVIC_SetPriority)
    [Anonymous Symbol]                       0x08000c88   Section        0  stm32f3xx_hal_cortex.o(.text.__NVIC_SetPriority)
    __NVIC_SetPriorityGrouping               0x08000cad   Thumb Code    32  stm32f3xx_hal_cortex.o(.text.__NVIC_SetPriorityGrouping)
    [Anonymous Symbol]                       0x08000cac   Section        0  stm32f3xx_hal_cortex.o(.text.__NVIC_SetPriorityGrouping)
    [Anonymous Symbol]                       0x08000ccc   Section        0  main.o(.text.main)
    $v0                                      0x08000cfe   Number         0  fpinit.o(x$fpl$fpinit)
    x$fpl$fpinit                             0x08000cfe   Section       26  fpinit.o(x$fpl$fpinit)
    .bss                                     0x20000008   Section       96  libspace.o(.bss)
    Heap_Mem                                 0x20000070   Data         512  startup_stm32f302x8.o(HEAP)
    HEAP                                     0x20000070   Section      512  startup_stm32f302x8.o(HEAP)
    Stack_Mem                                0x20000270   Data        1024  startup_stm32f302x8.o(STACK)
    STACK                                    0x20000270   Section     1024  startup_stm32f302x8.o(STACK)
    __initial_sp                             0x20000670   Data           0  startup_stm32f302x8.o(STACK)

    Global Symbols

    Symbol Name                              Value     Ov Type        Size  Object(Section)

    BuildAttributes$$THM_ISAv4$E$P$D$K$B$S$7EM$VFPi3$EXTD16$VFPS$VFMA$PE$A:L22UL41UL21$X:L11$S22US41US21$IEEE1$IW$~IW$USESV6$~STKCKD$USESV7$~SHL$OTIME$ROPI$EBA8$UX$STANDARDLIB$REQ8$PRES8$EABIv2 0x00000000   Number         0  anon$$obj.o ABSOLUTE
    __ARM_exceptions_init                     - Undefined Weak Reference
    __alloca_initialize                       - Undefined Weak Reference
    __arm_preinit_                            - Undefined Weak Reference
    __cpp_initialize__aeabi_                  - Undefined Weak Reference
    __cxa_finalize                            - Undefined Weak Reference
    __rt_locale                               - Undefined Weak Reference
    __sigvec_lookup                           - Undefined Weak Reference
    _atexit_init                              - Undefined Weak Reference
    _call_atexit_fns                          - Undefined Weak Reference
    _clock_init                               - Undefined Weak Reference
    _fp_trap_init                             - Undefined Weak Reference
    _fp_trap_shutdown                         - Undefined Weak Reference
    _get_lc_collate                           - Undefined Weak Reference
    _get_lc_ctype                             - Undefined Weak Reference
    _get_lc_monetary                          - Undefined Weak Reference
    _get_lc_numeric                           - Undefined Weak Reference
    _get_lc_time                              - Undefined Weak Reference
    _getenv_init                              - Undefined Weak Reference
    _handle_redirection                       - Undefined Weak Reference
    _init_alloc                               - Undefined Weak Reference
    _init_user_alloc                          - Undefined Weak Reference
    _initio                                   - Undefined Weak Reference
    _rand_init                                - Undefined Weak Reference
    _signal_finish                            - Undefined Weak Reference
    _signal_init                              - Undefined Weak Reference
    _terminate_alloc                          - Undefined Weak Reference
    _terminate_user_alloc                     - Undefined Weak Reference
    _terminateio                              - Undefined Weak Reference
    __Vectors_Size                           0x00000188   Number         0  startup_stm32f302x8.o ABSOLUTE
    __Vectors                                0x08000000   Data           4  startup_stm32f302x8.o(RESET)
    __Vectors_End                            0x08000188   Data           0  startup_stm32f302x8.o(RESET)
    __main                                   0x08000189   Thumb Code     8  __main.o(!!!main)
    __scatterload                            0x08000191   Thumb Code     0  __scatter.o(!!!scatter)
    __scatterload_rt2                        0x08000191   Thumb Code    44  __scatter.o(!!!scatter)
    __scatterload_rt2_thumb_only             0x08000191   Thumb Code     0  __scatter.o(!!!scatter)
    __scatterload_null                       0x0800019f   Thumb Code     0  __scatter.o(!!!scatter)
    __scatterload_copy                       0x080001c5   Thumb Code    26  __scatter_copy.o(!!handler_copy)
    __scatterload_zeroinit                   0x080001e1   Thumb Code    28  __scatter_zi.o(!!handler_zi)
    __rt_lib_init                            0x080001fd   Thumb Code     0  libinit.o(.ARM.Collect$$libinit$$00000000)
    __rt_lib_init_fp_1                       0x080001ff   Thumb Code     0  libinit2.o(.ARM.Collect$$libinit$$00000001)
    __rt_lib_init_alloca_1                   0x08000203   Thumb Code     0  libinit2.o(.ARM.Collect$$libinit$$0000002E)
    __rt_lib_init_argv_1                     0x08000203   Thumb Code     0  libinit2.o(.ARM.Collect$$libinit$$0000002C)
    __rt_lib_init_atexit_1                   0x08000203   Thumb Code     0  libinit2.o(.ARM.Collect$$libinit$$0000001B)
    __rt_lib_init_clock_1                    0x08000203   Thumb Code     0  libinit2.o(.ARM.Collect$$libinit$$00000021)
    __rt_lib_init_cpp_1                      0x08000203   Thumb Code     0  libinit2.o(.ARM.Collect$$libinit$$00000032)
    __rt_lib_init_exceptions_1               0x08000203   Thumb Code     0  libinit2.o(.ARM.Collect$$libinit$$00000030)
    __rt_lib_init_fp_trap_1                  0x08000203   Thumb Code     0  libinit2.o(.ARM.Collect$$libinit$$0000001F)
    __rt_lib_init_getenv_1                   0x08000203   Thumb Code     0  libinit2.o(.ARM.Collect$$libinit$$00000023)
    __rt_lib_init_heap_1                     0x08000203   Thumb Code     0  libinit2.o(.ARM.Collect$$libinit$$0000000A)
    __rt_lib_init_lc_collate_1               0x08000203   Thumb Code     0  libinit2.o(.ARM.Collect$$libinit$$00000011)
    __rt_lib_init_lc_ctype_1                 0x08000203   Thumb Code     0  libinit2.o(.ARM.Collect$$libinit$$00000013)
    __rt_lib_init_lc_monetary_1              0x08000203   Thumb Code     0  libinit2.o(.ARM.Collect$$libinit$$00000015)
    __rt_lib_init_lc_numeric_1               0x08000203   Thumb Code     0  libinit2.o(.ARM.Collect$$libinit$$00000017)
    __rt_lib_init_lc_time_1                  0x08000203   Thumb Code     0  libinit2.o(.ARM.Collect$$libinit$$00000019)
    __rt_lib_init_preinit_1                  0x08000203   Thumb Code     0  libinit2.o(.ARM.Collect$$libinit$$00000004)
    __rt_lib_init_rand_1                     0x08000203   Thumb Code     0  libinit2.o(.ARM.Collect$$libinit$$0000000E)
    __rt_lib_init_return                     0x08000203   Thumb Code     0  libinit2.o(.ARM.Collect$$libinit$$00000033)
    __rt_lib_init_signal_1                   0x08000203   Thumb Code     0  libinit2.o(.ARM.Collect$$libinit$$0000001D)
    __rt_lib_init_stdio_1                    0x08000203   Thumb Code     0  libinit2.o(.ARM.Collect$$libinit$$00000025)
    __rt_lib_init_user_alloc_1               0x08000203   Thumb Code     0  libinit2.o(.ARM.Collect$$libinit$$0000000C)
    __rt_lib_shutdown                        0x08000205   Thumb Code     0  libshutdown.o(.ARM.Collect$$libshutdown$$00000000)
    __rt_lib_shutdown_cpp_1                  0x08000207   Thumb Code     0  libshutdown2.o(.ARM.Collect$$libshutdown$$00000002)
    __rt_lib_shutdown_fp_trap_1              0x08000207   Thumb Code     0  libshutdown2.o(.ARM.Collect$$libshutdown$$00000007)
    __rt_lib_shutdown_heap_1                 0x08000207   Thumb Code     0  libshutdown2.o(.ARM.Collect$$libshutdown$$0000000F)
    __rt_lib_shutdown_return                 0x08000207   Thumb Code     0  libshutdown2.o(.ARM.Collect$$libshutdown$$00000010)
    __rt_lib_shutdown_signal_1               0x08000207   Thumb Code     0  libshutdown2.o(.ARM.Collect$$libshutdown$$0000000A)
    __rt_lib_shutdown_stdio_1                0x08000207   Thumb Code     0  libshutdown2.o(.ARM.Collect$$libshutdown$$00000004)
    __rt_lib_shutdown_user_alloc_1           0x08000207   Thumb Code     0  libshutdown2.o(.ARM.Collect$$libshutdown$$0000000C)
    __rt_entry                               0x08000209   Thumb Code     0  __rtentry.o(.ARM.Collect$$rtentry$$00000000)
    __rt_entry_presh_1                       0x08000209   Thumb Code     0  __rtentry2.o(.ARM.Collect$$rtentry$$00000002)
    __rt_entry_sh                            0x08000209   Thumb Code     0  __rtentry4.o(.ARM.Collect$$rtentry$$00000004)
    __rt_entry_li                            0x0800020f   Thumb Code     0  __rtentry2.o(.ARM.Collect$$rtentry$$0000000A)
    __rt_entry_postsh_1                      0x0800020f   Thumb Code     0  __rtentry2.o(.ARM.Collect$$rtentry$$00000009)
    __rt_entry_main                          0x08000213   Thumb Code     0  __rtentry2.o(.ARM.Collect$$rtentry$$0000000D)
    __rt_entry_postli_1                      0x08000213   Thumb Code     0  __rtentry2.o(.ARM.Collect$$rtentry$$0000000C)
    __rt_exit                                0x0800021b   Thumb Code     0  rtexit.o(.ARM.Collect$$rtexit$$00000000)
    __rt_exit_ls                             0x0800021d   Thumb Code     0  rtexit2.o(.ARM.Collect$$rtexit$$00000003)
    __rt_exit_prels_1                        0x0800021d   Thumb Code     0  rtexit2.o(.ARM.Collect$$rtexit$$00000002)
    __rt_exit_exit                           0x08000221   Thumb Code     0  rtexit2.o(.ARM.Collect$$rtexit$$00000004)
    Reset_Handler                            0x08000229   Thumb Code     8  startup_stm32f302x8.o(.text)
    ADC1_IRQHandler                          0x08000243   Thumb Code     0  startup_stm32f302x8.o(.text)
    CAN_RX1_IRQHandler                       0x08000243   Thumb Code     0  startup_stm32f302x8.o(.text)
    CAN_SCE_IRQHandler                       0x08000243   Thumb Code     0  startup_stm32f302x8.o(.text)
    COMP2_IRQHandler                         0x08000243   Thumb Code     0  startup_stm32f302x8.o(.text)
    COMP4_6_IRQHandler                       0x08000243   Thumb Code     0  startup_stm32f302x8.o(.text)
    DMA1_Channel1_IRQHandler                 0x08000243   Thumb Code     0  startup_stm32f302x8.o(.text)
    DMA1_Channel2_IRQHandler                 0x08000243   Thumb Code     0  startup_stm32f302x8.o(.text)
    DMA1_Channel3_IRQHandler                 0x08000243   Thumb Code     0  startup_stm32f302x8.o(.text)
    DMA1_Channel4_IRQHandler                 0x08000243   Thumb Code     0  startup_stm32f302x8.o(.text)
    DMA1_Channel5_IRQHandler                 0x08000243   Thumb Code     0  startup_stm32f302x8.o(.text)
    DMA1_Channel6_IRQHandler                 0x08000243   Thumb Code     0  startup_stm32f302x8.o(.text)
    DMA1_Channel7_IRQHandler                 0x08000243   Thumb Code     0  startup_stm32f302x8.o(.text)
    EXTI0_IRQHandler                         0x08000243   Thumb Code     0  startup_stm32f302x8.o(.text)
    EXTI15_10_IRQHandler                     0x08000243   Thumb Code     0  startup_stm32f302x8.o(.text)
    EXTI1_IRQHandler                         0x08000243   Thumb Code     0  startup_stm32f302x8.o(.text)
    EXTI2_TSC_IRQHandler                     0x08000243   Thumb Code     0  startup_stm32f302x8.o(.text)
    EXTI3_IRQHandler                         0x08000243   Thumb Code     0  startup_stm32f302x8.o(.text)
    EXTI4_IRQHandler                         0x08000243   Thumb Code     0  startup_stm32f302x8.o(.text)
    EXTI9_5_IRQHandler                       0x08000243   Thumb Code     0  startup_stm32f302x8.o(.text)
    FLASH_IRQHandler                         0x08000243   Thumb Code     0  startup_stm32f302x8.o(.text)
    FPU_IRQHandler                           0x08000243   Thumb Code     0  startup_stm32f302x8.o(.text)
    I2C1_ER_IRQHandler                       0x08000243   Thumb Code     0  startup_stm32f302x8.o(.text)
    I2C1_EV_IRQHandler                       0x08000243   Thumb Code     0  startup_stm32f302x8.o(.text)
    I2C2_ER_IRQHandler                       0x08000243   Thumb Code     0  startup_stm32f302x8.o(.text)
    I2C2_EV_IRQHandler                       0x08000243   Thumb Code     0  startup_stm32f302x8.o(.text)
    I2C3_ER_IRQHandler                       0x08000243   Thumb Code     0  startup_stm32f302x8.o(.text)
    I2C3_EV_IRQHandler                       0x08000243   Thumb Code     0  startup_stm32f302x8.o(.text)
    PVD_IRQHandler                           0x08000243   Thumb Code     0  startup_stm32f302x8.o(.text)
    RCC_IRQHandler                           0x08000243   Thumb Code     0  startup_stm32f302x8.o(.text)
    RTC_Alarm_IRQHandler                     0x08000243   Thumb Code     0  startup_stm32f302x8.o(.text)
    RTC_WKUP_IRQHandler                      0x08000243   Thumb Code     0  startup_stm32f302x8.o(.text)
    SPI2_IRQHandler                          0x08000243   Thumb Code     0  startup_stm32f302x8.o(.text)
    SPI3_IRQHandler                          0x08000243   Thumb Code     0  startup_stm32f302x8.o(.text)
    TAMP_STAMP_IRQHandler                    0x08000243   Thumb Code     0  startup_stm32f302x8.o(.text)
    TIM1_BRK_TIM15_IRQHandler                0x08000243   Thumb Code     0  startup_stm32f302x8.o(.text)
    TIM1_CC_IRQHandler                       0x08000243   Thumb Code     0  startup_stm32f302x8.o(.text)
    TIM1_TRG_COM_TIM17_IRQHandler            0x08000243   Thumb Code     0  startup_stm32f302x8.o(.text)
    TIM1_UP_TIM16_IRQHandler                 0x08000243   Thumb Code     0  startup_stm32f302x8.o(.text)
    TIM2_IRQHandler                          0x08000243   Thumb Code     0  startup_stm32f302x8.o(.text)
    TIM6_DAC_IRQHandler                      0x08000243   Thumb Code     0  startup_stm32f302x8.o(.text)
    USART1_IRQHandler                        0x08000243   Thumb Code     0  startup_stm32f302x8.o(.text)
    USART2_IRQHandler                        0x08000243   Thumb Code     0  startup_stm32f302x8.o(.text)
    USART3_IRQHandler                        0x08000243   Thumb Code     0  startup_stm32f302x8.o(.text)
    USBWakeUp_IRQHandler                     0x08000243   Thumb Code     0  startup_stm32f302x8.o(.text)
    USBWakeUp_RMP_IRQHandler                 0x08000243   Thumb Code     0  startup_stm32f302x8.o(.text)
    USB_HP_CAN_TX_IRQHandler                 0x08000243   Thumb Code     0  startup_stm32f302x8.o(.text)
    USB_HP_IRQHandler                        0x08000243   Thumb Code     0  startup_stm32f302x8.o(.text)
    USB_LP_CAN_RX0_IRQHandler                0x08000243   Thumb Code     0  startup_stm32f302x8.o(.text)
    USB_LP_IRQHandler                        0x08000243   Thumb Code     0  startup_stm32f302x8.o(.text)
    WWDG_IRQHandler                          0x08000243   Thumb Code     0  startup_stm32f302x8.o(.text)
    __user_initial_stackheap                 0x08000245   Thumb Code     0  startup_stm32f302x8.o(.text)
    __aeabi_memclr4                          0x08000269   Thumb Code     0  rt_memclr_w.o(.text)
    __aeabi_memclr8                          0x08000269   Thumb Code     0  rt_memclr_w.o(.text)
    __rt_memclr_w                            0x08000269   Thumb Code    78  rt_memclr_w.o(.text)
    _memset_w                                0x0800026d   Thumb Code     0  rt_memclr_w.o(.text)
    __use_two_region_memory                  0x080002b7   Thumb Code     2  heapauxi.o(.text)
    __rt_heap_escrow$2region                 0x080002b9   Thumb Code     2  heapauxi.o(.text)
    __rt_heap_expand$2region                 0x080002bb   Thumb Code     2  heapauxi.o(.text)
    __user_setup_stackheap                   0x080002bd   Thumb Code    74  sys_stackheap_outer.o(.text)
    exit                                     0x08000307   Thumb Code    18  exit.o(.text)
    __user_libspace                          0x08000319   Thumb Code     8  libspace.o(.text)
    __user_perproc_libspace                  0x08000319   Thumb Code     0  libspace.o(.text)
    __user_perthread_libspace                0x08000319   Thumb Code     0  libspace.o(.text)
    _sys_exit                                0x08000321   Thumb Code     8  sys_exit.o(.text)
    __I$use$semihosting                      0x0800032d   Thumb Code     0  use_no_semi.o(.text)
    __use_no_semihosting_swi                 0x0800032d   Thumb Code     2  use_no_semi.o(.text)
    __semihosting_library_function           0x0800032f   Thumb Code     0  indicate_semi.o(.text)
    BusFault_Handler                         0x08000331   Thumb Code     2  stm32f3xx_it.o(.text.BusFault_Handler)
    DebugMon_Handler                         0x08000335   Thumb Code     2  stm32f3xx_it.o(.text.DebugMon_Handler)
    HAL_GPIO_Init                            0x08000339   Thumb Code   420  stm32f3xx_hal_gpio.o(.text.HAL_GPIO_Init)
    HAL_GPIO_ReadPin                         0x080004dd   Thumb Code    10  stm32f3xx_hal_gpio.o(.text.HAL_GPIO_ReadPin)
    HAL_GPIO_WritePin                        0x080004e9   Thumb Code    12  stm32f3xx_hal_gpio.o(.text.HAL_GPIO_WritePin)
    HAL_GetTick                              0x080004f5   Thumb Code    12  stm32f3xx_hal.o(.text.HAL_GetTick)
    HAL_IncTick                              0x08000501   Thumb Code    16  stm32f3xx_hal.o(.text.HAL_IncTick)
    HAL_Init                                 0x08000511   Thumb Code    38  stm32f3xx_hal.o(.text.HAL_Init)
    HAL_InitTick                             0x08000539   Thumb Code    48  stm32f3xx_hal.o(.text.HAL_InitTick)
    HAL_MspInit                              0x08000569   Thumb Code    50  stm32f3xx_hal_msp.o(.text.HAL_MspInit)
    HAL_NVIC_SetPriority                     0x0800059d   Thumb Code    30  stm32f3xx_hal_cortex.o(.text.HAL_NVIC_SetPriority)
    HAL_NVIC_SetPriorityGrouping             0x080005bd   Thumb Code     8  stm32f3xx_hal_cortex.o(.text.HAL_NVIC_SetPriorityGrouping)
    HAL_RCC_ClockConfig                      0x080005c5   Thumb Code   370  stm32f3xx_hal_rcc.o(.text.HAL_RCC_ClockConfig)
    HAL_RCC_GetSysClockFreq                  0x08000739   Thumb Code    86  stm32f3xx_hal_rcc.o(.text.HAL_RCC_GetSysClockFreq)
    HAL_RCC_OscConfig                        0x08000791   Thumb Code   738  stm32f3xx_hal_rcc.o(.text.HAL_RCC_OscConfig)
    HAL_SYSTICK_Config                       0x08000a75   Thumb Code     8  stm32f3xx_hal_cortex.o(.text.HAL_SYSTICK_Config)
    HardFault_Handler                        0x08000a7d   Thumb Code     2  stm32f3xx_it.o(.text.HardFault_Handler)
    MemManage_Handler                        0x08000b49   Thumb Code     2  stm32f3xx_it.o(.text.MemManage_Handler)
    NMI_Handler                              0x08000b4d   Thumb Code     2  stm32f3xx_it.o(.text.NMI_Handler)
    PendSV_Handler                           0x08000b7d   Thumb Code     2  stm32f3xx_it.o(.text.PendSV_Handler)
    SVC_Handler                              0x08000b81   Thumb Code     2  stm32f3xx_it.o(.text.SVC_Handler)
    SysTick_Handler                          0x08000bb5   Thumb Code     8  stm32f3xx_it.o(.text.SysTick_Handler)
    SystemClock_Config                       0x08000bbd   Thumb Code    70  main.o(.text.SystemClock_Config)
    SystemInit                               0x08000c05   Thumb Code   112  system_stm32f3xx.o(.text.SystemInit)
    UsageFault_Handler                       0x08000c75   Thumb Code     2  stm32f3xx_it.o(.text.UsageFault_Handler)
    main                                     0x08000ccd   Thumb Code    50  main.o(.text.main)
    _fp_init                                 0x08000cff   Thumb Code    26  fpinit.o(x$fpl$fpinit)
    __fplib_config_fpu_vfp                   0x08000d17   Thumb Code     0  fpinit.o(x$fpl$fpinit)
    __fplib_config_pureend_doubles           0x08000d17   Thumb Code     0  fpinit.o(x$fpl$fpinit)
    AHBPrescTable                            0x08000d18   Data          16  system_stm32f3xx.o(.rodata.AHBPrescTable)
    aPLLMULFactorTable                       0x08000d28   Data          16  stm32f3xx_hal_rcc.o(.rodata.aPLLMULFactorTable)
    aPredivFactorTable                       0x08000d38   Data          16  stm32f3xx_hal_rcc.o(.rodata.aPredivFactorTable)
    Region$$Table$$Base                      0x08000d48   Number         0  anon$$obj.o(Region$$Table)
    Region$$Table$$Limit                     0x08000d68   Number         0  anon$$obj.o(Region$$Table)
    SystemCoreClock                          0x20000000   Data           4  system_stm32f3xx.o(.data.SystemCoreClock)
    __libspace_start                         0x20000008   Data          96  libspace.o(.bss)
    __temporary_stack_top$libspace           0x20000068   Data           0  libspace.o(.bss)
    uwTick                                   0x20000068   Data           4  stm32f3xx_hal.o(.bss.uwTick)



==============================================================================

Memory Map of the image

  Image Entry point : 0x08000229

  Load Region LR_1 (Base: 0x08000000, Size: 0x00000d6c, Max: 0xffffffff, ABSOLUTE)

    Execution Region ER_RO (Exec base: 0x08000000, Load base: 0x08000000, Size: 0x00000d68, Max: 0xffffffff, ABSOLUTE)

    Exec Addr    Load Addr    Size         Type   Attr      Idx    E Section Name        Object

    0x08000000   0x08000000   0x00000188   Data   RO           79    RESET               startup_stm32f302x8.o
    0x08000188   0x08000188   0x00000008   Code   RO          766  * !!!main             c_w.l(__main.o)
    0x08000190   0x08000190   0x00000034   Code   RO          929    !!!scatter          c_w.l(__scatter.o)
    0x080001c4   0x080001c4   0x0000001a   Code   RO          931    !!handler_copy      c_w.l(__scatter_copy.o)
    0x080001de   0x080001de   0x00000002   PAD
    0x080001e0   0x080001e0   0x0000001c   Code   RO          933    !!handler_zi        c_w.l(__scatter_zi.o)
    0x080001fc   0x080001fc   0x00000002   Code   RO          793    .ARM.Collect$$libinit$$00000000  c_w.l(libinit.o)
    0x080001fe   0x080001fe   0x00000004   Code   RO          799    .ARM.Collect$$libinit$$00000001  c_w.l(libinit2.o)
    0x08000202   0x08000202   0x00000000   Code   RO          802    .ARM.Collect$$libinit$$00000004  c_w.l(libinit2.o)
    0x08000202   0x08000202   0x00000000   Code   RO          805    .ARM.Collect$$libinit$$0000000A  c_w.l(libinit2.o)
    0x08000202   0x08000202   0x00000000   Code   RO          807    .ARM.Collect$$libinit$$0000000C  c_w.l(libinit2.o)
    0x08000202   0x08000202   0x00000000   Code   RO          809    .ARM.Collect$$libinit$$0000000E  c_w.l(libinit2.o)
    0x08000202   0x08000202   0x00000000   Code   RO          812    .ARM.Collect$$libinit$$00000011  c_w.l(libinit2.o)
    0x08000202   0x08000202   0x00000000   Code   RO          814    .ARM.Collect$$libinit$$00000013  c_w.l(libinit2.o)
    0x08000202   0x08000202   0x00000000   Code   RO          816    .ARM.Collect$$libinit$$00000015  c_w.l(libinit2.o)
    0x08000202   0x08000202   0x00000000   Code   RO          818    .ARM.Collect$$libinit$$00000017  c_w.l(libinit2.o)
    0x08000202   0x08000202   0x00000000   Code   RO          820    .ARM.Collect$$libinit$$00000019  c_w.l(libinit2.o)
    0x08000202   0x08000202   0x00000000   Code   RO          822    .ARM.Collect$$libinit$$0000001B  c_w.l(libinit2.o)
    0x08000202   0x08000202   0x00000000   Code   RO          824    .ARM.Collect$$libinit$$0000001D  c_w.l(libinit2.o)
    0x08000202   0x08000202   0x00000000   Code   RO          826    .ARM.Collect$$libinit$$0000001F  c_w.l(libinit2.o)
    0x08000202   0x08000202   0x00000000   Code   RO          828    .ARM.Collect$$libinit$$00000021  c_w.l(libinit2.o)
    0x08000202   0x08000202   0x00000000   Code   RO          830    .ARM.Collect$$libinit$$00000023  c_w.l(libinit2.o)
    0x08000202   0x08000202   0x00000000   Code   RO          832    .ARM.Collect$$libinit$$00000025  c_w.l(libinit2.o)
    0x08000202   0x08000202   0x00000000   Code   RO          836    .ARM.Collect$$libinit$$0000002C  c_w.l(libinit2.o)
    0x08000202   0x08000202   0x00000000   Code   RO          838    .ARM.Collect$$libinit$$0000002E  c_w.l(libinit2.o)
    0x08000202   0x08000202   0x00000000   Code   RO          840    .ARM.Collect$$libinit$$00000030  c_w.l(libinit2.o)
    0x08000202   0x08000202   0x00000000   Code   RO          842    .ARM.Collect$$libinit$$00000032  c_w.l(libinit2.o)
    0x08000202   0x08000202   0x00000002   Code   RO          843    .ARM.Collect$$libinit$$00000033  c_w.l(libinit2.o)
    0x08000204   0x08000204   0x00000002   Code   RO          865    .ARM.Collect$$libshutdown$$00000000  c_w.l(libshutdown.o)
    0x08000206   0x08000206   0x00000000   Code   RO          880    .ARM.Collect$$libshutdown$$00000002  c_w.l(libshutdown2.o)
    0x08000206   0x08000206   0x00000000   Code   RO          882    .ARM.Collect$$libshutdown$$00000004  c_w.l(libshutdown2.o)
    0x08000206   0x08000206   0x00000000   Code   RO          885    .ARM.Collect$$libshutdown$$00000007  c_w.l(libshutdown2.o)
    0x08000206   0x08000206   0x00000000   Code   RO          888    .ARM.Collect$$libshutdown$$0000000A  c_w.l(libshutdown2.o)
    0x08000206   0x08000206   0x00000000   Code   RO          890    .ARM.Collect$$libshutdown$$0000000C  c_w.l(libshutdown2.o)
    0x08000206   0x08000206   0x00000000   Code   RO          893    .ARM.Collect$$libshutdown$$0000000F  c_w.l(libshutdown2.o)
    0x08000206   0x08000206   0x00000002   Code   RO          894    .ARM.Collect$$libshutdown$$00000010  c_w.l(libshutdown2.o)
    0x08000208   0x08000208   0x00000000   Code   RO          768    .ARM.Collect$$rtentry$$00000000  c_w.l(__rtentry.o)
    0x08000208   0x08000208   0x00000000   Code   RO          770    .ARM.Collect$$rtentry$$00000002  c_w.l(__rtentry2.o)
    0x08000208   0x08000208   0x00000006   Code   RO          782    .ARM.Collect$$rtentry$$00000004  c_w.l(__rtentry4.o)
    0x0800020e   0x0800020e   0x00000000   Code   RO          772    .ARM.Collect$$rtentry$$00000009  c_w.l(__rtentry2.o)
    0x0800020e   0x0800020e   0x00000004   Code   RO          773    .ARM.Collect$$rtentry$$0000000A  c_w.l(__rtentry2.o)
    0x08000212   0x08000212   0x00000000   Code   RO          775    .ARM.Collect$$rtentry$$0000000C  c_w.l(__rtentry2.o)
    0x08000212   0x08000212   0x00000008   Code   RO          776    .ARM.Collect$$rtentry$$0000000D  c_w.l(__rtentry2.o)
    0x0800021a   0x0800021a   0x00000002   Code   RO          797    .ARM.Collect$$rtexit$$00000000  c_w.l(rtexit.o)
    0x0800021c   0x0800021c   0x00000000   Code   RO          845    .ARM.Collect$$rtexit$$00000002  c_w.l(rtexit2.o)
    0x0800021c   0x0800021c   0x00000004   Code   RO          846    .ARM.Collect$$rtexit$$00000003  c_w.l(rtexit2.o)
    0x08000220   0x08000220   0x00000006   Code   RO          847    .ARM.Collect$$rtexit$$00000004  c_w.l(rtexit2.o)
    0x08000226   0x08000226   0x00000002   PAD
    0x08000228   0x08000228   0x00000040   Code   RO           80  * .text               startup_stm32f302x8.o
    0x08000268   0x08000268   0x0000004e   Code   RO          762    .text               c_w.l(rt_memclr_w.o)
    0x080002b6   0x080002b6   0x00000006   Code   RO          764    .text               c_w.l(heapauxi.o)
    0x080002bc   0x080002bc   0x0000004a   Code   RO          784    .text               c_w.l(sys_stackheap_outer.o)
    0x08000306   0x08000306   0x00000012   Code   RO          786    .text               c_w.l(exit.o)
    0x08000318   0x08000318   0x00000008   Code   RO          794    .text               c_w.l(libspace.o)
    0x08000320   0x08000320   0x0000000c   Code   RO          855    .text               c_w.l(sys_exit.o)
    0x0800032c   0x0800032c   0x00000002   Code   RO          870    .text               c_w.l(use_no_semi.o)
    0x0800032e   0x0800032e   0x00000000   Code   RO          872    .text               c_w.l(indicate_semi.o)
    0x0800032e   0x0800032e   0x00000002   PAD
    0x08000330   0x08000330   0x00000002   Code   RO           24    .text.BusFault_Handler  stm32f3xx_it.o
    0x08000332   0x08000332   0x00000002   PAD
    0x08000334   0x08000334   0x00000002   Code   RO           30    .text.DebugMon_Handler  stm32f3xx_it.o
    0x08000336   0x08000336   0x00000002   PAD
    0x08000338   0x08000338   0x000001a4   Code   RO          351    .text.HAL_GPIO_Init  stm32f3xx_hal_gpio.o
    0x080004dc   0x080004dc   0x0000000a   Code   RO          355    .text.HAL_GPIO_ReadPin  stm32f3xx_hal_gpio.o
    0x080004e6   0x080004e6   0x00000002   PAD
    0x080004e8   0x080004e8   0x0000000c   Code   RO          357    .text.HAL_GPIO_WritePin  stm32f3xx_hal_gpio.o
    0x080004f4   0x080004f4   0x0000000c   Code   RO          122    .text.HAL_GetTick   stm32f3xx_hal.o
    0x08000500   0x08000500   0x00000010   Code   RO          120    .text.HAL_IncTick   stm32f3xx_hal.o
    0x08000510   0x08000510   0x00000026   Code   RO          110    .text.HAL_Init      stm32f3xx_hal.o
    0x08000536   0x08000536   0x00000002   PAD
    0x08000538   0x08000538   0x00000030   Code   RO          112    .text.HAL_InitTick  stm32f3xx_hal.o
    0x08000568   0x08000568   0x00000032   Code   RO           87    .text.HAL_MspInit   stm32f3xx_hal_msp.o
    0x0800059a   0x0800059a   0x00000002   PAD
    0x0800059c   0x0800059c   0x0000001e   Code   RO          172    .text.HAL_NVIC_SetPriority  stm32f3xx_hal_cortex.o
    0x080005ba   0x080005ba   0x00000002   PAD
    0x080005bc   0x080005bc   0x00000008   Code   RO          168    .text.HAL_NVIC_SetPriorityGrouping  stm32f3xx_hal_cortex.o
    0x080005c4   0x080005c4   0x00000172   Code   RO          615    .text.HAL_RCC_ClockConfig  stm32f3xx_hal_rcc.o
    0x08000736   0x08000736   0x00000002   PAD
    0x08000738   0x08000738   0x00000056   Code   RO          617    .text.HAL_RCC_GetSysClockFreq  stm32f3xx_hal_rcc.o
    0x0800078e   0x0800078e   0x00000002   PAD
    0x08000790   0x08000790   0x000002e2   Code   RO          613    .text.HAL_RCC_OscConfig  stm32f3xx_hal_rcc.o
    0x08000a72   0x08000a72   0x00000002   PAD
    0x08000a74   0x08000a74   0x00000008   Code   RO          192    .text.HAL_SYSTICK_Config  stm32f3xx_hal_cortex.o
    0x08000a7c   0x08000a7c   0x00000002   Code   RO           20    .text.HardFault_Handler  stm32f3xx_it.o
    0x08000a7e   0x08000a7e   0x00000002   PAD
    0x08000a80   0x08000a80   0x000000c6   Code   RO            6    .text.MX_GPIO_Init  main.o
    0x08000b46   0x08000b46   0x00000002   PAD
    0x08000b48   0x08000b48   0x00000002   Code   RO           22    .text.MemManage_Handler  stm32f3xx_it.o
    0x08000b4a   0x08000b4a   0x00000002   PAD
    0x08000b4c   0x08000b4c   0x00000002   Code   RO           18    .text.NMI_Handler   stm32f3xx_it.o
    0x08000b4e   0x08000b4e   0x00000002   PAD
    0x08000b50   0x08000b50   0x0000002c   Code   RO          178    .text.NVIC_EncodePriority  stm32f3xx_hal_cortex.o
    0x08000b7c   0x08000b7c   0x00000002   Code   RO           32    .text.PendSV_Handler  stm32f3xx_it.o
    0x08000b7e   0x08000b7e   0x00000002   PAD
    0x08000b80   0x08000b80   0x00000002   Code   RO           28    .text.SVC_Handler   stm32f3xx_it.o
    0x08000b82   0x08000b82   0x00000002   PAD
    0x08000b84   0x08000b84   0x0000002e   Code   RO          194    .text.SysTick_Config  stm32f3xx_hal_cortex.o
    0x08000bb2   0x08000bb2   0x00000002   PAD
    0x08000bb4   0x08000bb4   0x00000008   Code   RO           34    .text.SysTick_Handler  stm32f3xx_it.o
    0x08000bbc   0x08000bbc   0x00000046   Code   RO            4    .text.SystemClock_Config  main.o
    0x08000c02   0x08000c02   0x00000002   PAD
    0x08000c04   0x08000c04   0x00000070   Code   RO           95    .text.SystemInit    system_stm32f3xx.o
    0x08000c74   0x08000c74   0x00000002   Code   RO           26    .text.UsageFault_Handler  stm32f3xx_it.o
    0x08000c76   0x08000c76   0x00000002   PAD
    0x08000c78   0x08000c78   0x00000010   Code   RO          174    .text.__NVIC_GetPriorityGrouping  stm32f3xx_hal_cortex.o
    0x08000c88   0x08000c88   0x00000022   Code   RO          176    .text.__NVIC_SetPriority  stm32f3xx_hal_cortex.o
    0x08000caa   0x08000caa   0x00000002   PAD
    0x08000cac   0x08000cac   0x00000020   Code   RO          170    .text.__NVIC_SetPriorityGrouping  stm32f3xx_hal_cortex.o
    0x08000ccc   0x08000ccc   0x00000032   Code   RO            2    .text.main          main.o
    0x08000cfe   0x08000cfe   0x0000001a   Code   RO          853    x$fpl$fpinit        fz_wm.l(fpinit.o)
    0x08000d18   0x08000d18   0x00000010   Data   RO          100    .rodata.AHBPrescTable  system_stm32f3xx.o
    0x08000d28   0x08000d28   0x00000010   Data   RO          639    .rodata.aPLLMULFactorTable  stm32f3xx_hal_rcc.o
    0x08000d38   0x08000d38   0x00000010   Data   RO          640    .rodata.aPredivFactorTable  stm32f3xx_hal_rcc.o
    0x08000d48   0x08000d48   0x00000020   Data   RO          928    Region$$Table       anon$$obj.o


    Execution Region ER_RW (Exec base: 0x20000000, Load base: 0x08000d68, Size: 0x00000004, Max: 0xffffffff, ABSOLUTE)

    Exec Addr    Load Addr    Size         Type   Attr      Idx    E Section Name        Object

    0x20000000   0x08000d68   0x00000004   Data   RW           99    .data.SystemCoreClock  system_stm32f3xx.o


    Execution Region ER_ZI (Exec base: 0x20000008, Load base: 0x08000d6c, Size: 0x00000668, Max: 0xffffffff, ABSOLUTE)

    Exec Addr    Load Addr    Size         Type   Attr      Idx    E Section Name        Object

    0x20000008        -       0x00000060   Zero   RW          795    .bss                c_w.l(libspace.o)
    0x20000068        -       0x00000004   Zero   RW          154    .bss.uwTick         stm32f3xx_hal.o
    0x2000006c   0x08000d6c   0x00000004   PAD
    0x20000070        -       0x00000200   Zero   RW           78    HEAP                startup_stm32f302x8.o
    0x20000270        -       0x00000400   Zero   RW           77    STACK               startup_stm32f302x8.o


==============================================================================

Image component sizes


      Code (inc. data)   RO Data    RW Data    ZI Data      Debug   Object Name

       318          0          0          0          0       3016   main.o
        64         26        392          0       1536        984   startup_stm32f302x8.o
       114          0          0          0          4       5493   stm32f3xx_hal.o
       218          0          0          0          0       9001   stm32f3xx_hal_cortex.o
       442          0          0          0          0       4897   stm32f3xx_hal_gpio.o
        50          0          0          0          0       1159   stm32f3xx_hal_msp.o
      1194          0         32          0          0       7050   stm32f3xx_hal_rcc.o
        24          0          0          0          0       1068   stm32f3xx_it.o
       112          0         16          4          0       2414   system_stm32f3xx.o

    ----------------------------------------------------------------------
      2574         26        472          4       1544      35082   Object Totals
         0          0         32          0          0          0   (incl. Generated)
        38          0          0          0          4          0   (incl. Padding)

    ----------------------------------------------------------------------

      Code (inc. data)   RO Data    RW Data    ZI Data      Debug   Library Member Name

         8          0          0          0          0         68   __main.o
         0          0          0          0          0          0   __rtentry.o
        12          0          0          0          0          0   __rtentry2.o
         6          0          0          0          0          0   __rtentry4.o
        52          8          0          0          0          0   __scatter.o
        26          0          0          0          0          0   __scatter_copy.o
        28          0          0          0          0          0   __scatter_zi.o
        18          0          0          0          0         80   exit.o
         6          0          0          0          0        152   heapauxi.o
         0          0          0          0          0          0   indicate_semi.o
         2          0          0          0          0          0   libinit.o
         6          0          0          0          0          0   libinit2.o
         2          0          0          0          0          0   libshutdown.o
         2          0          0          0          0          0   libshutdown2.o
         8          4          0          0         96         68   libspace.o
        78          0          0          0          0         80   rt_memclr_w.o
         2          0          0          0          0          0   rtexit.o
        10          0          0          0          0          0   rtexit2.o
        12          4          0          0          0         68   sys_exit.o
        74          0          0          0          0         80   sys_stackheap_outer.o
         2          0          0          0          0         68   use_no_semi.o
        26          0          0          0          0        116   fpinit.o

    ----------------------------------------------------------------------
       386         16          0          0         96        780   Library Totals
         6          0          0          0          0          0   (incl. Padding)

    ----------------------------------------------------------------------

      Code (inc. data)   RO Data    RW Data    ZI Data      Debug   Library Name

       354         16          0          0         96        664   c_w.l
        26          0          0          0          0        116   fz_wm.l

    ----------------------------------------------------------------------
       386         16          0          0         96        780   Library Totals

    ----------------------------------------------------------------------

==============================================================================


      Code (inc. data)   RO Data    RW Data    ZI Data      Debug   

      2960         42        472          4       1640      35542   Grand Totals
      2960         42        472          4       1640      35542   ELF Image Totals
      2960         42        472          4          0          0   ROM Totals

==============================================================================

    Total RO  Size (Code + RO Data)                 3432 (   3.35kB)
    Total RW  Size (RW Data + ZI Data)              1644 (   1.61kB)
    Total ROM Size (Code + RO Data + RW Data)       3436 (   3.36kB)

==============================================================================

